Component: ARM Compiler 5.06 update 4 (build 422) Tool: armlink [4d35d2]

==============================================================================

Section Cross References

    event_groups.o(i.vEventGroupClearBitsCallback) refers to event_groups.o(i.xEventGroupClearBits) for xEventGroupClearBits
    event_groups.o(i.vEventGroupDelete) refers to tasks.o(i.vTaskSuspendAll) for vTaskSuspendAll
    event_groups.o(i.vEventGroupDelete) refers to tasks.o(i.xTaskRemoveFromUnorderedEventList) for xTaskRemoveFromUnorderedEventList
    event_groups.o(i.vEventGroupDelete) refers to heap_4.o(i.vPortFree) for vPortFree
    event_groups.o(i.vEventGroupDelete) refers to tasks.o(i.xTaskResumeAll) for xTaskResumeAll
    event_groups.o(i.vEventGroupSetBitsCallback) refers to event_groups.o(i.xEventGroupSetBits) for xEventGroupSetBits
    event_groups.o(i.xEventGroupClearBits) refers to port.o(i.vPortEnterCritical) for vPortEnterCritical
    event_groups.o(i.xEventGroupClearBits) refers to port.o(i.vPortExitCritical) for vPortExitCritical
    event_groups.o(i.xEventGroupCreate) refers to heap_4.o(i.pvPortMalloc) for pvPortMalloc
    event_groups.o(i.xEventGroupCreate) refers to list.o(i.vListInitialise) for vListInitialise
    event_groups.o(i.xEventGroupSetBits) refers to tasks.o(i.vTaskSuspendAll) for vTaskSuspendAll
    event_groups.o(i.xEventGroupSetBits) refers to tasks.o(i.xTaskRemoveFromUnorderedEventList) for xTaskRemoveFromUnorderedEventList
    event_groups.o(i.xEventGroupSetBits) refers to tasks.o(i.xTaskResumeAll) for xTaskResumeAll
    event_groups.o(i.xEventGroupSync) refers to tasks.o(i.xTaskGetSchedulerState) for xTaskGetSchedulerState
    event_groups.o(i.xEventGroupSync) refers to tasks.o(i.vTaskSuspendAll) for vTaskSuspendAll
    event_groups.o(i.xEventGroupSync) refers to event_groups.o(i.xEventGroupSetBits) for xEventGroupSetBits
    event_groups.o(i.xEventGroupSync) refers to tasks.o(i.vTaskPlaceOnUnorderedEventList) for vTaskPlaceOnUnorderedEventList
    event_groups.o(i.xEventGroupSync) refers to tasks.o(i.xTaskResumeAll) for xTaskResumeAll
    event_groups.o(i.xEventGroupSync) refers to tasks.o(i.uxTaskResetEventItemValue) for uxTaskResetEventItemValue
    event_groups.o(i.xEventGroupSync) refers to port.o(i.vPortEnterCritical) for vPortEnterCritical
    event_groups.o(i.xEventGroupSync) refers to port.o(i.vPortExitCritical) for vPortExitCritical
    event_groups.o(i.xEventGroupWaitBits) refers to tasks.o(i.xTaskGetSchedulerState) for xTaskGetSchedulerState
    event_groups.o(i.xEventGroupWaitBits) refers to tasks.o(i.vTaskSuspendAll) for vTaskSuspendAll
    event_groups.o(i.xEventGroupWaitBits) refers to event_groups.o(i.prvTestWaitCondition) for prvTestWaitCondition
    event_groups.o(i.xEventGroupWaitBits) refers to tasks.o(i.vTaskPlaceOnUnorderedEventList) for vTaskPlaceOnUnorderedEventList
    event_groups.o(i.xEventGroupWaitBits) refers to tasks.o(i.xTaskResumeAll) for xTaskResumeAll
    event_groups.o(i.xEventGroupWaitBits) refers to tasks.o(i.uxTaskResetEventItemValue) for uxTaskResetEventItemValue
    event_groups.o(i.xEventGroupWaitBits) refers to port.o(i.vPortEnterCritical) for vPortEnterCritical
    event_groups.o(i.xEventGroupWaitBits) refers to port.o(i.vPortExitCritical) for vPortExitCritical
    tasks.o(i.pcTaskGetName) refers to tasks.o(.data) for .data
    tasks.o(i.prvAddCurrentTaskToDelayedList) refers to list.o(i.uxListRemove) for uxListRemove
    tasks.o(i.prvAddCurrentTaskToDelayedList) refers to list.o(i.vListInsertEnd) for vListInsertEnd
    tasks.o(i.prvAddCurrentTaskToDelayedList) refers to list.o(i.vListInsert) for vListInsert
    tasks.o(i.prvAddCurrentTaskToDelayedList) refers to tasks.o(.data) for .data
    tasks.o(i.prvAddCurrentTaskToDelayedList) refers to tasks.o(.bss) for .bss
    tasks.o(i.prvAddNewTaskToReadyList) refers to port.o(i.vPortEnterCritical) for vPortEnterCritical
    tasks.o(i.prvAddNewTaskToReadyList) refers to list.o(i.vListInitialise) for vListInitialise
    tasks.o(i.prvAddNewTaskToReadyList) refers to list.o(i.vListInsertEnd) for vListInsertEnd
    tasks.o(i.prvAddNewTaskToReadyList) refers to port.o(i.vPortExitCritical) for vPortExitCritical
    tasks.o(i.prvAddNewTaskToReadyList) refers to tasks.o(.data) for .data
    tasks.o(i.prvAddNewTaskToReadyList) refers to tasks.o(.bss) for .bss
    tasks.o(i.prvCheckTasksWaitingTermination) refers to tasks.o(i.vTaskSuspendAll) for vTaskSuspendAll
    tasks.o(i.prvCheckTasksWaitingTermination) refers to tasks.o(i.xTaskResumeAll) for xTaskResumeAll
    tasks.o(i.prvCheckTasksWaitingTermination) refers to port.o(i.vPortEnterCritical) for vPortEnterCritical
    tasks.o(i.prvCheckTasksWaitingTermination) refers to list.o(i.uxListRemove) for uxListRemove
    tasks.o(i.prvCheckTasksWaitingTermination) refers to port.o(i.vPortExitCritical) for vPortExitCritical
    tasks.o(i.prvCheckTasksWaitingTermination) refers to tasks.o(i.prvDeleteTCB) for prvDeleteTCB
[...]
    0x08003548   0x000000b4   Code   RO         2143    i.HAL_LTDC_MspInit  stm32f7xx_hal_msp.o
    0x080035fc   0x00000038   Code   RO         5946    i.HAL_LTDC_ProgramLineEvent  stm32f7xx_hal_ltdc.o
    0x08003634   0x00000002   Code   RO         5948    i.HAL_LTDC_ReloadEventCallback  stm32f7xx_hal_ltdc.o
    0x08003636   0x00000044   Code   RO         5949    i.HAL_LTDC_SetAddress  stm32f7xx_hal_ltdc.o
    0x0800367a   0x00000054   Code   RO         5957    i.HAL_LTDC_SetWindowPosition  stm32f7xx_hal_ltdc.o
    0x080036ce   0x00000002   PAD
    0x080036d0   0x0000005c   Code   RO         3043    i.HAL_MPU_ConfigRegion  stm32f7xx_hal_cortex.o
    0x0800372c   0x0000001c   Code   RO         3044    i.HAL_MPU_Disable   stm32f7xx_hal_cortex.o
    0x08003748   0x00000024   Code   RO         3045    i.HAL_MPU_Enable    stm32f7xx_hal_cortex.o
    0x0800376c   0x00000058   Code   RO         2144    i.HAL_MspInit       stm32f7xx_hal_msp.o
    0x080037c4   0x00000016   Code   RO         3048    i.HAL_NVIC_EnableIRQ  stm32f7xx_hal_cortex.o
    0x080037da   0x00000002   PAD
    0x080037dc   0x00000040   Code   RO         3054    i.HAL_NVIC_SetPriority  stm32f7xx_hal_cortex.o
    0x0800381c   0x00000024   Code   RO         3055    i.HAL_NVIC_SetPriorityGrouping  stm32f7xx_hal_cortex.o
    0x08003840   0x0000006c   Code   RO         5032    i.HAL_PWREx_EnableOverDrive  stm32f7xx_hal_pwr_ex.o
    0x080038ac   0x000006b4   Code   RO         5570    i.HAL_RCCEx_PeriphCLKConfig  stm32f7xx_hal_rcc_ex.o
    0x08003f60   0x00000164   Code   RO         5821    i.HAL_RCC_ClockConfig  stm32f7xx_hal_rcc.o
    0x080040c4   0x00000040   Code   RO         5825    i.HAL_RCC_GetClockConfig  stm32f7xx_hal_rcc.o
    0x08004104   0x0000000c   Code   RO         5826    i.HAL_RCC_GetHCLKFreq  stm32f7xx_hal_rcc.o
    0x08004110   0x00000030   Code   RO         5828    i.HAL_RCC_GetPCLK1Freq  stm32f7xx_hal_rcc.o
    0x08004140   0x00000084   Code   RO         5830    i.HAL_RCC_GetSysClockFreq  stm32f7xx_hal_rcc.o
    0x080041c4   0x0000035c   Code   RO         5833    i.HAL_RCC_OscConfig  stm32f7xx_hal_rcc.o
    0x08004520   0x0000003e   Code   RO         4506    i.HAL_RNG_Init      stm32f7xx_hal_rng.o
    0x0800455e   0x00000002   PAD
    0x08004560   0x00000028   Code   RO         2146    i.HAL_RNG_MspInit   stm32f7xx_hal_msp.o
    0x08004588   0x00000042   Code   RO         3977    i.HAL_SDRAM_Init    stm32f7xx_hal_sdram.o
    0x080045ca   0x00000004   Code   RO         2148    i.HAL_SDRAM_MspInit  stm32f7xx_hal_msp.o
    0x080045ce   0x00000022   Code   RO         3980    i.HAL_SDRAM_ProgramRefreshRate  stm32f7xx_hal_sdram.o
    0x080045f0   0x00000030   Code   RO         3986    i.HAL_SDRAM_SendCommand  stm32f7xx_hal_sdram.o
    0x08004620   0x00000078   Code   RO         4130    i.HAL_SD_ConfigWideBusOperation  stm32f7xx_hal_sd.o
    0x08004698   0x000001fa   Code   RO         4135    i.HAL_SD_GetCardCSD  stm32f7xx_hal_sd.o
    0x08004892   0x00000024   Code   RO         4136    i.HAL_SD_GetCardInfo  stm32f7xx_hal_sd.o
    0x080048b6   0x0000002c   Code   RO         4137    i.HAL_SD_GetCardState  stm32f7xx_hal_sd.o
    0x080048e2   0x00000036   Code   RO         4142    i.HAL_SD_Init       stm32f7xx_hal_sd.o
    0x08004918   0x0000005c   Code   RO         4143    i.HAL_SD_InitCard   stm32f7xx_hal_sd.o
    0x08004974   0x00000058   Code   RO         2150    i.HAL_SD_MspInit    stm32f7xx_hal_msp.o
    0x080049cc   0x000001b0   Code   RO         4146    i.HAL_SD_ReadBlocks  stm32f7xx_hal_sd.o
    0x08004b7c   0x000001a2   Code   RO         4151    i.HAL_SD_WriteBlocks  stm32f7xx_hal_sd.o
    0x08004d1e   0x00000018   Code   RO         3057    i.HAL_SYSTICK_CLKSourceConfig  stm32f7xx_hal_cortex.o
    0x08004d36   0x00000026   Code   RO         3059    i.HAL_SYSTICK_Config  stm32f7xx_hal_cortex.o
    0x08004d5c   0x00000002   Code   RO         5295    i.HAL_TIMEx_BreakCallback  stm32f7xx_hal_tim_ex.o
    0x08004d5e   0x00000002   Code   RO         5296    i.HAL_TIMEx_CommutationCallback  stm32f7xx_hal_tim_ex.o
    0x08004d60   0x00000058   Code   RO         5313    i.HAL_TIMEx_MasterConfigSynchronization  stm32f7xx_hal_tim_ex.o
    0x08004db8   0x00000036   Code   RO         3339    i.HAL_TIM_Base_Init  stm32f7xx_hal_tim.o
    0x08004dee   0x00000002   PAD
    0x08004df0   0x0000003c   Code   RO         2152    i.HAL_TIM_Base_MspInit  stm32f7xx_hal_msp.o
    0x08004e2c   0x00000018   Code   RO         3344    i.HAL_TIM_Base_Start_IT  stm32f7xx_hal_tim.o
    0x08004e44   0x00000002   Code   RO         3368    i.HAL_TIM_IC_CaptureCallback  stm32f7xx_hal_tim.o
    0x08004e46   0x0000017e   Code   RO         3381    i.HAL_TIM_IRQHandler  stm32f7xx_hal_tim.o
    0x08004fc4   0x00000002   Code   RO         3384    i.HAL_TIM_OC_DelayElapsedCallback  stm32f7xx_hal_tim.o
    0x08004fc6   0x00000002   Code   RO         3411    i.HAL_TIM_PWM_PulseFinishedCallback  stm32f7xx_hal_tim.o
    0x08004fc8   0x00000014   Code   RO         1996    i.HAL_TIM_PeriodElapsedCallback  main.o
    0x08004fdc   0x00000002   Code   RO         3422    i.HAL_TIM_TriggerCallback  stm32f7xx_hal_tim.o
    0x08004fde   0x00000002   Code   RO         2336    i.HardFault_Handler  stm32f7xx_it.o
    0x08004fe0   0x00000022   Code   RO         4647    i.I2C_Flush_TXDR    stm32f7xx_hal_i2c.o
    0x08005002   0x00000002   PAD
    0x08005004   0x0000007c   Code   RO         4655    i.I2C_IsAcknowledgeFailed  stm32f7xx_hal_i2c.o
    0x08005080   0x0000006e   Code   RO         4658    i.I2C_RequestMemoryRead  stm32f7xx_hal_i2c.o
    0x080050ee   0x0000006e   Code   RO         4659    i.I2C_RequestMemoryWrite  stm32f7xx_hal_i2c.o
    0x0800515c   0x00000024   Code   RO         4662    i.I2C_TransferConfig  stm32f7xx_hal_i2c.o
    0x08005180   0x00000052   Code   RO         4663    i.I2C_WaitOnFlagUntilTimeout  stm32f7xx_hal_i2c.o
    0x080051d2   0x00000050   Code   RO         4665    i.I2C_WaitOnSTOPFlagUntilTimeout  stm32f7xx_hal_i2c.o
    0x08005222   0x00000054   Code   RO         4666    i.I2C_WaitOnTXISFlagUntilTimeout  stm32f7xx_hal_i2c.o
    0x08005276   0x00000002   PAD
    0x08005278   0x0000001c   Code   RO         7465    i.LCD_Color2Index   STemWin532_CM4_OS_Keil.lib(lcd.o)
    0x08005294   0x00000204   Code   RO         7466    i.LCD_DrawBitmap    STemWin532_CM4_OS_Keil.lib(lcd.o)
    0x08005498   0x00000058   Code   RO         7467    i.LCD_DrawHLine     STemWin532_CM4_OS_Keil.lib(lcd.o)
    0x080054f0   0x00000068   Code   RO         7468    i.LCD_DrawPixel     STemWin532_CM4_OS_Keil.lib(lcd.o)
    0x08005558   0x00000058   Code   RO         7470    i.LCD_FillRect      STemWin532_CM4_OS_Keil.lib(lcd.o)
    0x080055b0   0x00000010   Code   RO         6982    i.LCD_GetBitsPerPixel  STemWin532_CM4_OS_Keil.lib(lcd_getex.o)
    0x080055c0   0x00000006   Code   RO         6983    i.LCD_GetBitsPerPixelEx  STemWin532_CM4_OS_Keil.lib(lcd_getex.o)
    0x080055c6   0x00000002   PAD
    0x080055c8   0x00000010   Code   RO         8240    i.LCD_GetBkColorIndex  STemWin532_CM4_OS_Keil.lib(lcd_getcolorindex.o)
    0x080055d8   0x00000010   Code   RO         8241    i.LCD_GetColorIndex  STemWin532_CM4_OS_Keil.lib(lcd_getcolorindex.o)
    0x080055e8   0x00000006   Code   RO         6987    i.LCD_GetMirrorXEx  STemWin532_CM4_OS_Keil.lib(lcd_getex.o)
    0x080055ee   0x00000006   Code   RO         6989    i.LCD_GetMirrorYEx  STemWin532_CM4_OS_Keil.lib(lcd_getex.o)
    0x080055f4   0x00000010   Code   RO         6990    i.LCD_GetNumColors  STemWin532_CM4_OS_Keil.lib(lcd_getex.o)
    0x08005604   0x00000006   Code   RO         6991    i.LCD_GetNumColorsEx  STemWin532_CM4_OS_Keil.lib(lcd_getex.o)
    0x0800560a   0x0000001a   Code   RO         7915    i.LCD_GetNumLayers  STemWin532_CM4_OS_Keil.lib(lcd_getnumdisplays.o)
    0x08005624   0x00000010   Code   RO         6992    i.LCD_GetPalette    STemWin532_CM4_OS_Keil.lib(lcd_getex.o)
    0x08005634   0x00000018   Code   RO         6993    i.LCD_GetPaletteEx  STemWin532_CM4_OS_Keil.lib(lcd_getex.o)
    0x0800564c   0x0000002c   Code   RO         7065    i.LCD_GetPosEx      STemWin532_CM4_OS_Keil.lib(lcd_set.o)
    0x08005678   0x00000006   Code   RO         6995    i.LCD_GetSwapXYEx   STemWin532_CM4_OS_Keil.lib(lcd_getex.o)
    0x0800567e   0x00000006   Code   RO         6998    i.LCD_GetVXSizeMax  STemWin532_CM4_OS_Keil.lib(lcd_getex.o)
    0x08005684   0x0000000c   Code   RO         7005    i.LCD_GetXSizeDisplay  STemWin532_CM4_OS_Keil.lib(lcd_getex.o)
    0x08005690   0x00000006   Code   RO         7007    i.LCD_GetXSizeMax   STemWin532_CM4_OS_Keil.lib(lcd_getex.o)
    0x08005696   0x00000002   PAD
    0x08005698   0x0000000c   Code   RO         7011    i.LCD_GetYSizeDisplay  STemWin532_CM4_OS_Keil.lib(lcd_getex.o)
    0x080056a4   0x00000006   Code   RO         7013    i.LCD_GetYSizeMax   STemWin532_CM4_OS_Keil.lib(lcd_getex.o)
    0x080056aa   0x00000004   Code   RO         7504    i.LCD_GetpPalConvTableBM  STemWin532_CM4_OS_Keil.lib(lcd_color.o)
    0x080056ae   0x00000002   PAD
    0x080056b0   0x00000048   Code   RO         7505    i.LCD_GetpPalConvTableUncached  STemWin532_CM4_OS_Keil.lib(lcd_color.o)
    0x080056f8   0x0000001c   Code   RO         7471    i.LCD_Index2Color   STemWin532_CM4_OS_Keil.lib(lcd.o)
    0x08005714   0x00000002   Code   RO         8227    i.LCD_Index2Color_888  STemWin532_CM4_OS_Keil.lib(guicc_888_index2color.o)
    0x08005716   0x00000002   Code   RO         8238    i.LCD_Index2Color_8888  STemWin532_CM4_OS_Keil.lib(guicc_8888_index2color.o)
    0x08005718   0x0000001e   Code   RO         7463    i.LCD_Index2Color_M8888I  STemWin532_CM4_OS_Keil.lib(guicc_m8888i_index2color.o)
    0x08005736   0x00000002   PAD
    0x08005738   0x00000034   Code   RO         7506    i.LCD_InitColors    STemWin532_CM4_OS_Keil.lib(lcd_color.o)
    0x0800576c   0x0000007c   Code   RO         7507    i.LCD_InitLUT       STemWin532_CM4_OS_Keil.lib(lcd_color.o)
    0x080057e8   0x00000198   Code   RO         8247    i.LCD_ReadRectEx    STemWin532_CM4_OS_Keil.lib(lcd_readrect.o)
    0x08005980   0x00000040   Code   RO         7917    i.LCD_SelectLCD     STemWin532_CM4_OS_Keil.lib(lcd_selectlcd.o)
    0x080059c0   0x0000000c   Code   RO         7472    i.LCD_SetBkColor    STemWin532_CM4_OS_Keil.lib(lcd.o)
    0x080059cc   0x00000018   Code   RO         7473    i.LCD_SetBkColorIndex  STemWin532_CM4_OS_Keil.lib(lcd.o)
    0x080059e4   0x00000030   Code   RO         7919    i.LCD_SetClipRectEx  STemWin532_CM4_OS_Keil.lib(lcd_setcliprectex.o)
    0x08005a14   0x0000001c   Code   RO         7474    i.LCD_SetClipRectMax  STemWin532_CM4_OS_Keil.lib(lcd.o)
    0x08005a30   0x0000000c   Code   RO         7475    i.LCD_SetColor      STemWin532_CM4_OS_Keil.lib(lcd.o)
    0x08005a3c   0x00000018   Code   RO         7476    i.LCD_SetColorIndex  STemWin532_CM4_OS_Keil.lib(lcd.o)
    0x08005a54   0x0000002c   Code   RO         7076    i.LCD_SetDevFunc    STemWin532_CM4_OS_Keil.lib(lcd_set.o)
    0x08005a80   0x0000000c   Code   RO         7016    i.LCD_SetDisplaySize  STemWin532_CM4_OS_Keil.lib(lcd_getex.o)
    0x08005a8c   0x0000000c   Code   RO         7477    i.LCD_SetDrawMode   STemWin532_CM4_OS_Keil.lib(lcd.o)
    0x08005a98   0x0000002c   Code   RO         7078    i.LCD_SetLUTEntryEx  STemWin532_CM4_OS_Keil.lib(lcd_set.o)
    0x08005ac4   0x0000002c   Code   RO         7082    i.LCD_SetSizeEx     STemWin532_CM4_OS_Keil.lib(lcd_set.o)
    0x08005af0   0x00000028   Code   RO         7084    i.LCD_SetVRAMAddrEx  STemWin532_CM4_OS_Keil.lib(lcd_set.o)
    0x08005b18   0x0000002c   Code   RO         7086    i.LCD_SetVSizeEx    STemWin532_CM4_OS_Keil.lib(lcd_set.o)
    0x08005b44   0x00000024   Code   RO         7921    i.LCD_UpdateColorIndices  STemWin532_CM4_OS_Keil.lib(lcd_updatecolorindices.o)
    0x08005b68   0x00000080   Code   RO         6584    i.LCD_X_Config      lcdconf.o
    0x08005be8   0x0000007c   Code   RO         6585    i.LCD_X_DisplayDriver  lcdconf.o
    0x08005c64   0x00000018   Code   RO         1997    i.LEDThread         main.o
    0x08005c7c   0x0000000c   Code   RO         2337    i.LTDC_IRQHandler   stm32f7xx_it.o
    0x08005c88   0x000001d0   Code   RO         5961    i.LTDC_SetConfig    stm32f7xx_hal_ltdc.o
    0x08005e58   0x00000098   Code   RO         2699    i.MT48LC4M32B2_init  mt48lc4m32b2.o
    0x08005ef0   0x0000003c   Code   RO         1998    i.MX_DMA2D_Init     main.o
    0x08005f2c   0x0000001c   Code   RO         1954    i.MX_FATFS_Init     fatfs.o
    0x08005f48   0x0000005c   Code   RO         1999    i.MX_FMC_Init       main.o
    0x08005fa4   0x0000012c   Code   RO         2000    i.MX_GPIO_Init      main.o
    0x080060d0   0x00000050   Code   RO         2001    i.MX_I2C3_Init      main.o
    0x08006120   0x000000a0   Code   RO         2002    i.MX_LTDC_Init      main.o
    0x080061c0   0x00000040   Code   RO         2003    i.MX_TIM6_Init      main.o
    0x08006200   0x00000002   Code   RO         2338    i.MemManage_Handler  stm32f7xx_it.o
    0x08006202   0x00000002   Code   RO         2339    i.NMI_Handler       stm32f7xx_it.o
    0x08006204   0x00000022   Code   RO         3061    i.NVIC_SetPriority  stm32f7xx_hal_cortex.o
    0x08006226   0x00000032   Code   RO         2779    i.SDMMC_CmdAppCommand  stm32f7xx_ll_sdmmc.o
    0x08006258   0x00000034   Code   RO         2780    i.SDMMC_CmdAppOperCommand  stm32f7xx_ll_sdmmc.o
    0x0800628c   0x00000032   Code   RO         2781    i.SDMMC_CmdBlockLength  stm32f7xx_ll_sdmmc.o
    0x080062be   0x00000032   Code   RO         2782    i.SDMMC_CmdBusWidth  stm32f7xx_ll_sdmmc.o
    0x080062f0   0x00000050   Code   RO         2786    i.SDMMC_CmdGoIdleState  stm32f7xx_ll_sdmmc.o
    0x08006340   0x00000064   Code   RO         2788    i.SDMMC_CmdOperCond  stm32f7xx_ll_sdmmc.o
    0x080063a4   0x00000032   Code   RO         2789    i.SDMMC_CmdReadMultiBlock  stm32f7xx_ll_sdmmc.o
    0x080063d6   0x00000032   Code   RO         2790    i.SDMMC_CmdReadSingleBlock  stm32f7xx_ll_sdmmc.o
    0x08006408   0x00000030   Code   RO         2793    i.SDMMC_CmdSelDesel  stm32f7xx_ll_sdmmc.o
    0x08006438   0x0000002a   Code   RO         2794    i.SDMMC_CmdSendCID  stm32f7xx_ll_sdmmc.o
    0x08006462   0x0000002e   Code   RO         2795    i.SDMMC_CmdSendCSD  stm32f7xx_ll_sdmmc.o
    0x08006490   0x00000030   Code   RO         2796    i.SDMMC_CmdSendSCR  stm32f7xx_ll_sdmmc.o
    0x080064c0   0x00000032   Code   RO         2797    i.SDMMC_CmdSendStatus  stm32f7xx_ll_sdmmc.o
    0x080064f2   0x00000030   Code   RO         2798    i.SDMMC_CmdSetRelAdd  stm32f7xx_ll_sdmmc.o
    0x08006522   0x00000002   PAD
    0x08006524   0x00000034   Code   RO         2800    i.SDMMC_CmdStopTransfer  stm32f7xx_ll_sdmmc.o
    0x08006558   0x00000032   Code   RO         2802    i.SDMMC_CmdWriteMultiBlock  stm32f7xx_ll_sdmmc.o
    0x0800658a   0x00000032   Code   RO         2803    i.SDMMC_CmdWriteSingleBlock  stm32f7xx_ll_sdmmc.o
    0x080065bc   0x00000026   Code   RO         2804    i.SDMMC_ConfigData  stm32f7xx_ll_sdmmc.o
    0x080065e2   0x00000002   PAD
    0x080065e4   0x0000011c   Code   RO         2805    i.SDMMC_GetCmdResp1  stm32f7xx_ll_sdmmc.o
    0x08006700   0x00000050   Code   RO         2806    i.SDMMC_GetCmdResp2  stm32f7xx_ll_sdmmc.o
    0x08006750   0x00000040   Code   RO         2807    i.SDMMC_GetCmdResp3  stm32f7xx_ll_sdmmc.o
    0x08006790   0x00000084   Code   RO         2808    i.SDMMC_GetCmdResp6  stm32f7xx_ll_sdmmc.o
    0x08006814   0x00000008   Code   RO         2812    i.SDMMC_GetPowerState  stm32f7xx_ll_sdmmc.o
    0x0800681c   0x0000000c   Code   RO         2813    i.SDMMC_GetResponse  stm32f7xx_ll_sdmmc.o
    0x08006828   0x00000022   Code   RO         2814    i.SDMMC_Init        stm32f7xx_ll_sdmmc.o
    0x0800684a   0x00000008   Code   RO         2816    i.SDMMC_PowerState_ON  stm32f7xx_ll_sdmmc.o
    0x08006852   0x00000006   Code   RO         2817    i.SDMMC_ReadFIFO    stm32f7xx_ll_sdmmc.o
    0x08006858   0x00000022   Code   RO         2818    i.SDMMC_SendCommand  stm32f7xx_ll_sdmmc.o
    0x0800687a   0x0000000a   Code   RO         2820    i.SDMMC_WriteFIFO   stm32f7xx_ll_sdmmc.o
    0x08006884   0x000000d6   Code   RO         4159    i.SD_FindSCR        stm32f7xx_hal_sd.o
    0x0800695a   0x000000e6   Code   RO         4160    i.SD_InitCard       stm32f7xx_hal_sd.o
    0x08006a40   0x000000a6   Code   RO         4161    i.SD_PowerON        stm32f7xx_hal_sd.o
    0x08006ae6   0x0000004e   Code   RO         4163    i.SD_WideBus_Disable  stm32f7xx_hal_sd.o
    0x08006b34   0x0000004e   Code   RO         4164    i.SD_WideBus_Enable  stm32f7xx_hal_sd.o
    0x08006b82   0x00000002   PAD
    0x08006b84   0x00000020   Code   RO         1374    i.SD_initialize     sd_diskio.o
    0x08006ba4   0x00000058   Code   RO         1375    i.SD_ioctl          sd_diskio.o
    0x08006bfc   0x0000003c   Code   RO         1376    i.SD_read           sd_diskio.o
    0x08006c38   0x00000020   Code   RO         1377    i.SD_status         sd_diskio.o
    0x08006c58   0x0000003c   Code   RO         1378    i.SD_write          sd_diskio.o
    0x08006c94   0x00000014   Code   RO         2340    i.SysTick_Handler   stm32f7xx_it.o
    0x08006ca8   0x000000d0   Code   RO         2004    i.SystemClock_Config  main.o
    0x08006d78   0x00000054   Code   RO         2742    i.SystemInit        system_stm32f7xx.o
    0x08006dcc   0x00000044   Code   RO         2591    i.TFT_FillScreen    ltdc.o
    0x08006e10   0x0000000c   Code   RO         2341    i.TIM6_DAC_IRQHandler  stm32f7xx_it.o
    0x08006e1c   0x0000000c   Code   RO         2342    i.TIM8_TRG_COM_TIM14_IRQHandler  stm32f7xx_it.o
    0x08006e28   0x000000cc   Code   RO         3423    i.TIM_Base_SetConfig  stm32f7xx_hal_tim.o
    0x08006ef4   0x0000002c   Code   RO         2498    i.TS_IO_Read        ft5336.o
    0x08006f20   0x00000024   Code   RO         2499    i.TS_IO_Write       ft5336.o
    0x08006f44   0x0000003c   Code   RO         2500    i.Touch_Ini         ft5336.o
    0x08006f80   0x00000036   Code   RO         2501    i.Touch_ReadID      ft5336.o
    0x08006fb6   0x00000002   Code   RO         2343    i.UsageFault_Handler  stm32f7xx_it.o
    0x08006fb8   0x00000010   Code   RO         7652    i.WM_Activate       STemWin532_CM4_OS_Keil.lib(wm.o)
    0x08006fc8   0x00000088   Code   RO         7984    i.WM_BringToBottom  STemWin532_CM4_OS_Keil.lib(wm_bringtobottom.o)
    0x08007050   0x00000150   Code   RO         7654    i.WM_CreateWindowAsChild  STemWin532_CM4_OS_Keil.lib(wm.o)
    0x080071a0   0x00000046   Code   RO         7656    i.WM_DefaultProc    STemWin532_CM4_OS_Keil.lib(wm.o)
    0x080071e6   0x00000002   PAD
    0x080071e8   0x00000018   Code   RO         7766    i.WM_GetDesktopWindow  STemWin532_CM4_OS_Keil.lib(wm_getdesktopwindow.o)
    0x08007200   0x0000001a   Code   RO         7996    i.WM_GetFirstChild  STemWin532_CM4_OS_Keil.lib(wm_getfirstchild.o)
    0x0800721a   0x0000001a   Code   RO         8326    i.WM_GetParent      STemWin532_CM4_OS_Keil.lib(wm_getparent.o)
    0x08007234   0x000000d4   Code   RO         7661    i.WM_Init           STemWin532_CM4_OS_Keil.lib(wm.o)
    0x08007308   0x00000080   Code   RO         7662    i.WM_InvalidateRect  STemWin532_CM4_OS_Keil.lib(wm.o)
    0x08007388   0x00000006   Code   RO         7663    i.WM_InvalidateWindow  STemWin532_CM4_OS_Keil.lib(wm.o)
    0x0800738e   0x0000005e   Code   RO         7664    i.WM_InvalidateWindowAndDescsEx  STemWin532_CM4_OS_Keil.lib(wm.o)
    0x080073ec   0x00000044   Code   RO         7665    i.WM_SelectWindow   STemWin532_CM4_OS_Keil.lib(wm.o)
    0x08007430   0x00000026   Code   RO         8002    i.WM_SendToParent   STemWin532_CM4_OS_Keil.lib(wm_sendtoparent.o)
    0x08007456   0x00000002   PAD
    0x08007458   0x00000048   Code   RO         7668    i.WM__ActivateClipRect  STemWin532_CM4_OS_Keil.lib(wm.o)
    0x080074a0   0x00000010   Code   RO         7986    i.WM__AddCriticalHandle  STemWin532_CM4_OS_Keil.lib(wm_criticalhandle.o)
    0x080074b0   0x00000010   Code   RO         7669    i.WM__Client2Screen  STemWin532_CM4_OS_Keil.lib(wm.o)
    0x080074c0   0x0000004e   Code   RO         7670    i.WM__ClipAtParentBorders  STemWin532_CM4_OS_Keil.lib(wm.o)
    0x0800750e   0x00000020   Code   RO         7992    i.WM__GetClientRectEx  STemWin532_CM4_OS_Keil.lib(wm_getclientrect.o)
    0x0800752e   0x00000018   Code   RO         7673    i.WM__GetClientRectWin  STemWin532_CM4_OS_Keil.lib(wm.o)
    0x08007546   0x00000012   Code   RO         8477    i.WM__GetFirstSibling  STemWin532_CM4_OS_Keil.lib(wm__getfirstsibling.o)
    0x08007558   0x00000040   Code   RO         7674    i.WM__GetNextIVR    STemWin532_CM4_OS_Keil.lib(wm.o)
    0x08007598   0x00000024   Code   RO         8306    i.WM__GetPrevSibling  STemWin532_CM4_OS_Keil.lib(wm__getprevsibling.o)
    0x080075bc   0x00000018   Code   RO         7675    i.WM__GetTopLevelLayer  STemWin532_CM4_OS_Keil.lib(wm.o)
    0x080075d4   0x000000f0   Code   RO         7676    i.WM__InitIVRSearch  STemWin532_CM4_OS_Keil.lib(wm.o)
    0x080076c4   0x000000a4   Code   RO         7677    i.WM__InsertWindowIntoList  STemWin532_CM4_OS_Keil.lib(wm.o)
    0x08007768   0x00000006   Code   RO         7678    i.WM__Invalidate1Abs  STemWin532_CM4_OS_Keil.lib(wm.o)
    0x0800776e   0x00000002   PAD
    0x08007770   0x00000054   Code   RO         7679    i.WM__InvalidateDrawAndDescs  STemWin532_CM4_OS_Keil.lib(wm.o)
    0x080077c4   0x00000076   Code   RO         7681    i.WM__InvalidateRect  STemWin532_CM4_OS_Keil.lib(wm.o)
    0x0800783a   0x00000006   Code   RO         7682    i.WM__InvalidateRectEx  STemWin532_CM4_OS_Keil.lib(wm.o)
    0x08007840   0x00000020   Code   RO         7687    i.WM__RectIsNZ      STemWin532_CM4_OS_Keil.lib(wm.o)
    0x08007860   0x00000014   Code   RO         7689    i.WM__SelectTopLevelLayer  STemWin532_CM4_OS_Keil.lib(wm.o)
    0x08007874   0x0000003c   Code   RO         7981    i.WM__SendMessage   STemWin532_CM4_OS_Keil.lib(wm__sendmessage.o)
    0x080078b0   0x0000000e   Code   RO         7690    i.WM__SendMsgNoData  STemWin532_CM4_OS_Keil.lib(wm.o)
    0x080078be   0x00000002   PAD
    0x080078c0   0x00000090   Code   RO         6806    i._AddFreeMemory    STemWin532_CM4_OS_Keil.lib(gui_alloc.o)
    0x08007950   0x000000b8   Code   RO         6807    i._Alloc            STemWin532_CM4_OS_Keil.lib(gui_alloc.o)
    0x08007a08   0x00000004   Code   RO         7453    i._CalcSizeOfChar   STemWin532_CM4_OS_Keil.lib(gui_uc_encodenone.o)
    0x08007a0c   0x00000044   Code   RO         6770    i._Color2IndexBulk_M8888I  STemWin532_CM4_OS_Keil.lib(guicc_m8888i.o)
    0x08007a50   0x00000054   Code   RO         7906    i._Color2Index_0    STemWin532_CM4_OS_Keil.lib(guicc_0.o)
    0x08007aa4   0x0000001e   Code   RO         6771    i._Color2Index_M8888I  STemWin532_CM4_OS_Keil.lib(guicc_m8888i.o)
    0x08007ac2   0x00000050   Code   RO         7114    i._CopyBuffer       STemWin532_CM4_OS_Keil.lib(guidrv_lin_32.o)
    0x08007b12   0x00000002   PAD
    0x08007b14   0x00000020   Code   RO         7692    i._DesktopHandle2Index  STemWin532_CM4_OS_Keil.lib(wm.o)
    0x08007b34   0x00000074   Code   RO         7824    i._DispLine         STemWin532_CM4_OS_Keil.lib(gui_charline.o)
    0x08007ba8   0x00000104   Code   RO         7115    i._DrawBitLine1BPP  STemWin532_CM4_OS_Keil.lib(guidrv_lin_32.o)
    0x08007cac   0x0000011c   Code   RO         7617    i._DrawBitLine1BPP  STemWin532_CM4_OS_Keil.lib(guidev_32.o)
    0x08007dc8   0x00000094   Code   RO         7116    i._DrawBitLine2BPP  STemWin532_CM4_OS_Keil.lib(guidrv_lin_32.o)
    0x08007e5c   0x000000e0   Code   RO         7618    i._DrawBitLine2BPP  STemWin532_CM4_OS_Keil.lib(guidev_32.o)
    0x08007f3c   0x000000a0   Code   RO         7619    i._DrawBitLine32BPP_DDB  STemWin532_CM4_OS_Keil.lib(guidev_32.o)
    0x08007fdc   0x0000009c   Code   RO         7117    i._DrawBitLine4BPP  STemWin532_CM4_OS_Keil.lib(guidrv_lin_32.o)
    0x08008078   0x00000158   Code   RO         7620    i._DrawBitLine4BPP  STemWin532_CM4_OS_Keil.lib(guidev_32.o)
    0x080081d0   0x000000f0   Code   RO         7118    i._DrawBitLine8BPP  STemWin532_CM4_OS_Keil.lib(guidrv_lin_32.o)
    0x080082c0   0x00000188   Code   RO         7119    i._DrawBitmap       STemWin532_CM4_OS_Keil.lib(guidrv_lin_32.o)
    0x08008448   0x000002a4   Code   RO         7621    i._DrawBitmap       STemWin532_CM4_OS_Keil.lib(guidev_32.o)
    0x080086ec   0x0000000a   Code   RO         7120    i._DrawHLine        STemWin532_CM4_OS_Keil.lib(guidrv_lin_32.o)
    0x080086f6   0x0000000a   Code   RO         7622    i._DrawHLine        STemWin532_CM4_OS_Keil.lib(guidev_32.o)
    0x08008700   0x0000000c   Code   RO         7121    i._DrawVLine        STemWin532_CM4_OS_Keil.lib(guidrv_lin_32.o)
    0x0800870c   0x000000ac   Code   RO         7623    i._DrawVLine        STemWin532_CM4_OS_Keil.lib(guidev_32.o)
    0x080087b8   0x00000006   Code   RO         7454    i._Encode           STemWin532_CM4_OS_Keil.lib(gui_uc_encodenone.o)
    0x080087be   0x00000002   PAD
    0x080087c0   0x00000098   Code   RO         6808    i._EnlargeBlocks    STemWin532_CM4_OS_Keil.lib(gui_alloc.o)
    0x08008858   0x00000002   Code   RO         2005    i._Error_Handler    main.o
    0x0800885a   0x00000002   PAD
    0x0800885c   0x00000028   Code   RO         7122    i._FillRect         STemWin532_CM4_OS_Keil.lib(guidrv_lin_32.o)
    0x08008884   0x000000a4   Code   RO         7624    i._FillRect         STemWin532_CM4_OS_Keil.lib(guidev_32.o)
    0x08008928   0x000000d4   Code   RO         7123    i._FillRectOpt32    STemWin532_CM4_OS_Keil.lib(guidrv_lin_32.o)
    0x080089fc   0x00000148   Code   RO         7695    i._FindNext_IVR     STemWin532_CM4_OS_Keil.lib(wm.o)
    0x08008b44   0x0000007c   Code   RO         7696    i._Findx0           STemWin532_CM4_OS_Keil.lib(wm.o)
    0x08008bc0   0x00000072   Code   RO         7697    i._Findx1           STemWin532_CM4_OS_Keil.lib(wm.o)
    0x08008c32   0x000000a6   Code   RO         7698    i._Findy1           STemWin532_CM4_OS_Keil.lib(wm.o)
    0x08008cd8   0x00000004   Code   RO         7455    i._GetCharCode      STemWin532_CM4_OS_Keil.lib(gui_uc_encodenone.o)
    0x08008cdc   0x00000004   Code   RO         7456    i._GetCharSize      STemWin532_CM4_OS_Keil.lib(gui_uc_encodenone.o)
    0x08008ce0   0x00000010   Code   RO         7124    i._GetDevData       STemWin532_CM4_OS_Keil.lib(guidrv_lin_32.o)
    0x08008cf0   0x00000010   Code   RO         7625    i._GetDevData       STemWin532_CM4_OS_Keil.lib(guidev_32.o)
    0x08008d00   0x000000dc   Code   RO         7125    i._GetDevFunc       STemWin532_CM4_OS_Keil.lib(guidrv_lin_32.o)
    0x08008ddc   0x00000010   Code   RO         7626    i._GetDevFunc       STemWin532_CM4_OS_Keil.lib(guidev_32.o)
    0x08008dec   0x0000001e   Code   RO         7019    i._GetDevProp       STemWin532_CM4_OS_Keil.lib(lcd_getex.o)
    0x08008e0a   0x0000003c   Code   RO         7126    i._GetDevProp       STemWin532_CM4_OS_Keil.lib(guidrv_lin_32.o)
    0x08008e46   0x0000000c   Code   RO         7627    i._GetDevProp       STemWin532_CM4_OS_Keil.lib(guidev_32.o)
    0x08008e52   0x00000052   Code   RO         7907    i._GetIndexMask_0   STemWin532_CM4_OS_Keil.lib(guicc_0.o)
    0x08008ea4   0x00000006   Code   RO         6772    i._GetIndexMask_M8888I  STemWin532_CM4_OS_Keil.lib(guicc_m8888i.o)
    0x08008eaa   0x0000001e   Code   RO         7020    i._GetMaxValue      STemWin532_CM4_OS_Keil.lib(lcd_getex.o)
    0x08008ec8   0x0000001c   Code   RO         6809    i._GetMinIndex      STemWin532_CM4_OS_Keil.lib(gui_alloc.o)
    0x08008ee4   0x00000010   Code   RO         7127    i._GetPixelIndex    STemWin532_CM4_OS_Keil.lib(guidrv_lin_32.o)
    0x08008ef4   0x0000000e   Code   RO         7628    i._GetPixelIndex    STemWin532_CM4_OS_Keil.lib(guidev_32.o)
    0x08008f02   0x0000001c   Code   RO         7128    i._GetPos           STemWin532_CM4_OS_Keil.lib(guidrv_lin_32.o)
    0x08008f1e   0x00000016   Code   RO         7129    i._GetRect          STemWin532_CM4_OS_Keil.lib(guidrv_lin_32.o)
    0x08008f34   0x00000030   Code   RO         7629    i._GetRect          STemWin532_CM4_OS_Keil.lib(guidev_32.o)
    0x08008f64   0x0000003c   Code   RO         7440    i._GetTaskNo        STemWin532_CM4_OS_Keil.lib(gui_task.o)
    0x08008fa0   0x00000010   Code   RO         7422    i._GotoX            STemWin532_CM4_OS_Keil.lib(gui_goto.o)
    0x08008fb0   0x00000010   Code   RO         7423    i._GotoY            STemWin532_CM4_OS_Keil.lib(gui_goto.o)
    0x08008fc0   0x00000044   Code   RO         6773    i._Index2ColorBulk_M8888I  STemWin532_CM4_OS_Keil.lib(guicc_m8888i.o)
    0x08009004   0x00000020   Code   RO         7908    i._Index2Color_0    STemWin532_CM4_OS_Keil.lib(guicc_0.o)
    0x08009024   0x00000018   Code   RO         7130    i._Init             STemWin532_CM4_OS_Keil.lib(guidrv_lin_32.o)
    0x0800903c   0x00000074   Code   RO         6866    i._InitContext      STemWin532_CM4_OS_Keil.lib(gui_core.o)
    0x080090b0   0x000000a8   Code   RO         6810    i._InitOnce         STemWin532_CM4_OS_Keil.lib(gui_alloc.o)
    0x08009158   0x00000024   Code   RO         7131    i._InitOnce         STemWin532_CM4_OS_Keil.lib(guidrv_lin_32.o)
    0x0800917c   0x00000080   Code   RO         7699    i._Invalidate1Abs   STemWin532_CM4_OS_Keil.lib(wm.o)
    0x080091fc   0x00000002   Code   RO         7825    i._Log2VisBuffered  STemWin532_CM4_OS_Keil.lib(gui_charline.o)
    0x080091fe   0x0000000a   Code   RO         7132    i._Off              STemWin532_CM4_OS_Keil.lib(guidrv_lin_32.o)
    0x08009208   0x0000000a   Code   RO         7133    i._On               STemWin532_CM4_OS_Keil.lib(guidrv_lin_32.o)
    0x08009212   0x00000002   PAD
    0x08009214   0x00000034   Code   RO         6811    i._OnExit           STemWin532_CM4_OS_Keil.lib(gui_alloc.o)
    0x08009248   0x0000002c   Code   RO         6867    i._OnExit           STemWin532_CM4_OS_Keil.lib(gui_core.o)
    0x08009274   0x00000014   Code   RO         7441    i._OnExit           STemWin532_CM4_OS_Keil.lib(gui_task.o)
    0x08009288   0x00000014   Code   RO         7509    i._OnExit           STemWin532_CM4_OS_Keil.lib(lcd_color.o)
    0x0800929c   0x00000034   Code   RO         7700    i._OnExit           STemWin532_CM4_OS_Keil.lib(wm.o)
    0x080092d0   0x00000028   Code   RO         7777    i._OnExit           STemWin532_CM4_OS_Keil.lib(gui__alpha.o)
    0x080092f8   0x00000040   Code   RO         6812    i._PopFreeBlock     STemWin532_CM4_OS_Keil.lib(gui_alloc.o)
    0x08009338   0x00000028   Code   RO         6813    i._PushFreeBlock    STemWin532_CM4_OS_Keil.lib(gui_alloc.o)
    0x08009360   0x00000030   Code   RO         7134    i._ReadRect         STemWin532_CM4_OS_Keil.lib(guidrv_lin_32.o)
    0x08009390   0x00000034   Code   RO         6814    i._RemoveFreeBlock  STemWin532_CM4_OS_Keil.lib(gui_alloc.o)
    0x080093c4   0x000000a0   Code   RO         6815    i._RemoveHoles      STemWin532_CM4_OS_Keil.lib(gui_alloc.o)
    0x08009464   0x00000026   Code   RO         7135    i._SetAlpha         STemWin532_CM4_OS_Keil.lib(guidrv_lin_32.o)
    0x0800948a   0x00000010   Code   RO         7136    i._SetAlphaMode     STemWin532_CM4_OS_Keil.lib(guidrv_lin_32.o)
    0x0800949a   0x00000002   PAD
    0x0800949c   0x00000020   Code   RO         7479    i._SetBkColor       STemWin532_CM4_OS_Keil.lib(lcd.o)
    0x080094bc   0x00000012   Code   RO         7137    i._SetChroma        STemWin532_CM4_OS_Keil.lib(guidrv_lin_32.o)
    0x080094ce   0x00000010   Code   RO         7138    i._SetChromaMode    STemWin532_CM4_OS_Keil.lib(guidrv_lin_32.o)
    0x080094de   0x00000002   PAD
    0x080094e0   0x0000004c   Code   RO         7704    i._SetClipRectUserIntersect  STemWin532_CM4_OS_Keil.lib(wm.o)
    0x0800952c   0x00000020   Code   RO         7480    i._SetColor         STemWin532_CM4_OS_Keil.lib(lcd.o)
    0x0800954c   0x00000044   Code   RO         7139    i._SetDevFunc       STemWin532_CM4_OS_Keil.lib(guidrv_lin_32.o)
    0x08009590   0x0000002c   Code   RO         7481    i._SetDrawMode      STemWin532_CM4_OS_Keil.lib(lcd.o)
    0x080095bc   0x000000a4   Code   RO         7140    i._SetOrg           STemWin532_CM4_OS_Keil.lib(guidrv_lin_32.o)
    0x08009660   0x00000008   Code   RO         7630    i._SetOrg           STemWin532_CM4_OS_Keil.lib(guidev_32.o)
    0x08009668   0x00000012   Code   RO         7141    i._SetPixelIndex    STemWin532_CM4_OS_Keil.lib(guidrv_lin_32.o)
    0x0800967a   0x00000002   PAD
    0x0800967c   0x00000048   Code   RO         7631    i._SetPixelIndex    STemWin532_CM4_OS_Keil.lib(guidev_32.o)
    0x080096c4   0x000000ea   Code   RO         7142    i._SetPos           STemWin532_CM4_OS_Keil.lib(guidrv_lin_32.o)
    0x080097ae   0x00000044   Code   RO         7143    i._SetSize          STemWin532_CM4_OS_Keil.lib(guidrv_lin_32.o)
    0x080097f2   0x00000028   Code   RO         7144    i._SetVRAMAddr      STemWin532_CM4_OS_Keil.lib(guidrv_lin_32.o)
    0x0800981a   0x0000002a   Code   RO         7145    i._SetVSize         STemWin532_CM4_OS_Keil.lib(guidrv_lin_32.o)
    0x08009844   0x00000026   Code   RO         7146    i._SetVis           STemWin532_CM4_OS_Keil.lib(guidrv_lin_32.o)
    0x0800986a   0x00000024   Code   RO         7147    i._ShowBuffer       STemWin532_CM4_OS_Keil.lib(guidrv_lin_32.o)
    0x0800988e   0x00000002   PAD
    0x08009890   0x000000ea   Code   RO         6816    i._TestRAM          STemWin532_CM4_OS_Keil.lib(gui_alloc.o)
    0x0800997a   0x0000000e   Code   RO         6817    i._WriteTagData     STemWin532_CM4_OS_Keil.lib(gui_alloc.o)
    0x08009988   0x0000003c   Code   RO         7632    i._XY2PTR           STemWin532_CM4_OS_Keil.lib(guidev_32.o)
    0x080099c4   0x00000028   Code   RO         7148    i._XorPixel         STemWin532_CM4_OS_Keil.lib(guidrv_lin_32.o)
    0x080099ec   0x00000058   Code   RO         7633    i._XorPixel         STemWin532_CM4_OS_Keil.lib(guidev_32.o)
    0x08009a44   0x0000000e   Code   RO         8539    i.__scatterload_copy  mc_w.l(handlers.o)
    0x08009a52   0x00000002   Code   RO         8540    i.__scatterload_null  mc_w.l(handlers.o)
    0x08009a54   0x0000000e   Code   RO         8541    i.__scatterload_zeroinit  mc_w.l(handlers.o)
    0x08009a62   0x00000002   PAD
    0x08009a64   0x00000050   Code   RO         7705    i._cbBackWin        STemWin532_CM4_OS_Keil.lib(wm.o)
    0x08009ab4   0x0000008a   Code   RO         7482    i.emWin_LCD_Init    STemWin532_CM4_OS_Keil.lib(lcd.o)
    0x08009b3e   0x0000000c   Code   RO          849    i.inHandlerMode     cmsis_os.o
    0x08009b4a   0x00000002   PAD
    0x08009b4c   0x00000208   Code   RO         2006    i.main              main.o
    0x08009d54   0x0000000e   Code   RO          851    i.makeFreeRtosPriority  cmsis_os.o
    0x08009d62   0x0000000e   Code   RO          853    i.osDelay           cmsis_os.o
    0x08009d70   0x0000000a   Code   RO          856    i.osKernelStart     cmsis_os.o
    0x08009d7a   0x00000006   Code   RO          871    i.osMutexCreate     cmsis_os.o
    0x08009d80   0x00000050   Code   RO          873    i.osMutexRelease    cmsis_os.o
    0x08009dd0   0x0000006c   Code   RO          874    i.osMutexWait       cmsis_os.o
    0x08009e3c   0x00000026   Code   RO          882    i.osSemaphoreCreate  cmsis_os.o
    0x08009e62   0x00000014   Code   RO          889    i.osSystickHandler  cmsis_os.o
    0x08009e76   0x0000002e   Code   RO          890    i.osThreadCreate    cmsis_os.o
    0x08009ea4   0x00000004   Code   RO          891    i.osThreadGetId     cmsis_os.o
    0x08009ea8   0x00000070   Code   RO          312    i.prvAddCurrentTaskToDelayedList  tasks.o
    0x08009f18   0x000000d0   Code   RO          313    i.prvAddNewTaskToReadyList  tasks.o
    0x08009fe8   0x00000050   Code   RO          314    i.prvCheckTasksWaitingTermination  tasks.o
    0x0800a038   0x00000026   Code   RO          607    i.prvCopyDataFromQueue  queue.o
    0x0800a05e   0x0000006c   Code   RO          608    i.prvCopyDataToQueue  queue.o
    0x0800a0ca   0x00000014   Code   RO          315    i.prvDeleteTCB      tasks.o
    0x0800a0de   0x00000002   PAD
    0x0800a0e0   0x00000050   Code   RO          776    i.prvHeapInit       heap_4.o
    0x0800a130   0x00000028   Code   RO          316    i.prvIdleTask       tasks.o
    0x0800a158   0x00000092   Code   RO          317    i.prvInitialiseNewTask  tasks.o
    0x0800a1ea   0x00000002   PAD
    0x0800a1ec   0x0000004c   Code   RO          777    i.prvInsertBlockIntoFreeList  heap_4.o
    0x0800a238   0x0000001c   Code   RO          609    i.prvIsQueueEmpty   queue.o
    0x0800a254   0x00000020   Code   RO          318    i.prvResetNextTaskUnblockTime  tasks.o
    0x0800a274   0x00000030   Code   RO         1286    i.prvTaskExitError  port.o
    0x0800a2a4   0x0000006a   Code   RO          610    i.prvUnlockQueue    queue.o
    0x0800a30e   0x00000002   PAD
    0x0800a310   0x000000e4   Code   RO          778    i.pvPortMalloc      heap_4.o
    0x0800a3f4   0x00000018   Code   RO          320    i.pvTaskIncrementMutexHeldCount  tasks.o
    0x0800a40c   0x00000030   Code   RO         1287    i.pxPortInitialiseStack  port.o
    0x0800a43c   0x00000024   Code   RO         1237    i.uxListRemove      list.o
    0x0800a460   0x00000016   Code   RO         1238    i.vListInitialise   list.o
    0x0800a476   0x00000006   Code   RO         1239    i.vListInitialiseItem  list.o
    0x0800a47c   0x00000030   Code   RO         1240    i.vListInsert       list.o
    0x0800a4ac   0x00000018   Code   RO         1241    i.vListInsertEnd    list.o
    0x0800a4c4   0x00000048   Code   RO         1289    i.vPortEnterCritical  port.o
    0x0800a50c   0x0000002c   Code   RO         1290    i.vPortExitCritical  port.o
    0x0800a538   0x00000064   Code   RO          779    i.vPortFree         heap_4.o
    0x0800a59c   0x00000020   Code   RO         1291    i.vPortSetupTimerInterrupt  port.o
    0x0800a5bc   0x0000005c   Code   RO         1292    i.vPortValidateInterruptPriority  port.o
    0x0800a618   0x00000050   Code   RO          326    i.vTaskDelay        tasks.o
    0x0800a668   0x0000000c   Code   RO          329    i.vTaskMissedYield  tasks.o
    0x0800a674   0x00000034   Code   RO          331    i.vTaskPlaceOnEventList  tasks.o
    0x0800a6a8   0x00000088   Code   RO          333    i.vTaskPriorityInherit  tasks.o
    0x0800a730   0x00000028   Code   RO          336    i.vTaskSetTimeOutState  tasks.o
    0x0800a758   0x00000070   Code   RO          337    i.vTaskStartScheduler  tasks.o
    0x0800a7c8   0x00000010   Code   RO          339    i.vTaskSuspendAll   tasks.o
    0x0800a7d8   0x00000060   Code   RO          340    i.vTaskSwitchContext  tasks.o
    0x0800a838   0x000000a8   Code   RO         1293    i.xPortStartScheduler  port.o
    0x0800a8e0   0x00000030   Code   RO         1294    i.xPortSysTickHandler  port.o
    0x0800a910   0x00000024   Code   RO          617    i.xQueueCreateMutex  queue.o
    0x0800a934   0x0000004c   Code   RO          618    i.xQueueGenericCreate  queue.o
    0x0800a980   0x0000017c   Code   RO          619    i.xQueueGenericReceive  queue.o
    0x0800aafc   0x00000098   Code   RO          620    i.xQueueGenericReset  queue.o
    0x0800ab94   0x00000170   Code   RO          621    i.xQueueGenericSend  queue.o
    0x0800ad04   0x000000ac   Code   RO          623    i.xQueueGiveFromISR  queue.o
    0x0800adb0   0x000000a8   Code   RO          627    i.xQueueReceiveFromISR  queue.o
    0x0800ae58   0x00000074   Code   RO          341    i.xTaskCheckForTimeOut  tasks.o
    0x0800aecc   0x00000056   Code   RO          342    i.xTaskCreate       tasks.o
    0x0800af22   0x00000002   PAD
    0x0800af24   0x0000000c   Code   RO          345    i.xTaskGetCurrentTaskHandle  tasks.o
    0x0800af30   0x0000001c   Code   RO          346    i.xTaskGetSchedulerState  tasks.o
    0x0800af4c   0x000000cc   Code   RO          349    i.xTaskIncrementTick  tasks.o
    0x0800b018   0x000000a8   Code   RO          352    i.xTaskPriorityDisinherit  tasks.o
    0x0800b0c0   0x00000078   Code   RO          353    i.xTaskRemoveFromEventList  tasks.o
    0x0800b138   0x000000c8   Code   RO          355    i.xTaskResumeAll    tasks.o
    0x0800b200   0x00000014   Data   RO         1379    .constdata          sd_diskio.o
    0x0800b214   0x00000028   Data   RO         2016    .constdata          main.o
    0x0800b23c   0x00000010   Data   RO         2743    .constdata          system_stm32f7xx.o
    0x0800b24c   0x00000008   Data   RO         2744    .constdata          system_stm32f7xx.o
    0x0800b254   0x00000008   Data   RO         4377    .constdata          stm32f7xx_hal_dma.o
    0x0800b25c   0x00000018   Data   RO         6774    .constdata          STemWin532_CM4_OS_Keil.lib(guicc_m8888i.o)
    0x0800b274   0x00000008   Data   RO         6869    .constdata          STemWin532_CM4_OS_Keil.lib(gui_core.o)
    0x0800b27c   0x00000034   Data   RO         7149    .constdata          STemWin532_CM4_OS_Keil.lib(guidrv_lin_32.o)
    0x0800b2b0   0x00000518   Data   RO         7185    .constdata          STemWin532_CM4_OS_Keil.lib(f6x8.o)
    0x0800b7c8   0x000001c0   Data   RO         7186    .constdata          STemWin532_CM4_OS_Keil.lib(f6x8.o)
    0x0800b988   0x00000008   Data   RO         7187    .constdata          STemWin532_CM4_OS_Keil.lib(f6x8.o)
    0x0800b990   0x00000014   Data   RO         7188    .constdata          STemWin532_CM4_OS_Keil.lib(f6x8.o)
    0x0800b9a4   0x00000024   Data   RO         7189    .constdata          STemWin532_CM4_OS_Keil.lib(f6x8.o)
    0x0800b9c8   0x00000018   Data   RO         7191    .constdata          STemWin532_CM4_OS_Keil.lib(f24_ascii.o)
    0x0800b9e0   0x00000018   Data   RO         7192    .constdata          STemWin532_CM4_OS_Keil.lib(f24_ascii.o)
    0x0800b9f8   0x00000018   Data   RO         7193    .constdata          STemWin532_CM4_OS_Keil.lib(f24_ascii.o)
    0x0800ba10   0x00000030   Data   RO         7194    .constdata          STemWin532_CM4_OS_Keil.lib(f24_ascii.o)
    0x0800ba40   0x00000030   Data   RO         7195    .constdata          STemWin532_CM4_OS_Keil.lib(f24_ascii.o)
    0x0800ba70   0x00000048   Data   RO         7196    .constdata          STemWin532_CM4_OS_Keil.lib(f24_ascii.o)
    0x0800bab8   0x00000030   Data   RO         7197    .constdata          STemWin532_CM4_OS_Keil.lib(f24_ascii.o)
    0x0800bae8   0x00000018   Data   RO         7198    .constdata          STemWin532_CM4_OS_Keil.lib(f24_ascii.o)
    0x0800bb00   0x00000018   Data   RO         7199    .constdata          STemWin532_CM4_OS_Keil.lib(f24_ascii.o)
    0x0800bb18   0x00000018   Data   RO         7200    .constdata          STemWin532_CM4_OS_Keil.lib(f24_ascii.o)
    0x0800bb30   0x00000018   Data   RO         7201    .constdata          STemWin532_CM4_OS_Keil.lib(f24_ascii.o)
    0x0800bb48   0x00000030   Data   RO         7202    .constdata          STemWin532_CM4_OS_Keil.lib(f24_ascii.o)
    0x0800bb78   0x00000018   Data   RO         7203    .constdata          STemWin532_CM4_OS_Keil.lib(f24_ascii.o)
    0x0800bb90   0x00000018   Data   RO         7204    .constdata          STemWin532_CM4_OS_Keil.lib(f24_ascii.o)
    0x0800bba8   0x00000018   Data   RO         7205    .constdata          STemWin532_CM4_OS_Keil.lib(f24_ascii.o)
    0x0800bbc0   0x00000018   Data   RO         7206    .constdata          STemWin532_CM4_OS_Keil.lib(f24_ascii.o)
    0x0800bbd8   0x00000030   Data   RO         7207    .constdata          STemWin532_CM4_OS_Keil.lib(f24_ascii.o)
    0x0800bc08   0x00000030   Data   RO         7208    .constdata          STemWin532_CM4_OS_Keil.lib(f24_ascii.o)
    0x0800bc38   0x00000030   Data   RO         7209    .constdata          STemWin532_CM4_OS_Keil.lib(f24_ascii.o)
    0x0800bc68   0x00000030   Data   RO         7210    .constdata          STemWin532_CM4_OS_Keil.lib(f24_ascii.o)
    0x0800bc98   0x00000030   Data   RO         7211    .constdata          STemWin532_CM4_OS_Keil.lib(f24_ascii.o)
    0x0800bcc8   0x00000030   Data   RO         7212    .constdata          STemWin532_CM4_OS_Keil.lib(f24_ascii.o)
    0x0800bcf8   0x00000030   Data   RO         7213    .constdata          STemWin532_CM4_OS_Keil.lib(f24_ascii.o)
    0x0800bd28   0x00000030   Data   RO         7214    .constdata          STemWin532_CM4_OS_Keil.lib(f24_ascii.o)
    0x0800bd58   0x00000030   Data   RO         7215    .constdata          STemWin532_CM4_OS_Keil.lib(f24_ascii.o)
    0x0800bd88   0x00000030   Data   RO         7216    .constdata          STemWin532_CM4_OS_Keil.lib(f24_ascii.o)
    0x0800bdb8   0x00000018   Data   RO         7217    .constdata          STemWin532_CM4_OS_Keil.lib(f24_ascii.o)
    0x0800bdd0   0x00000018   Data   RO         7218    .constdata          STemWin532_CM4_OS_Keil.lib(f24_ascii.o)
    0x0800bde8   0x00000030   Data   RO         7219    .constdata          STemWin532_CM4_OS_Keil.lib(f24_ascii.o)
    0x0800be18   0x00000030   Data   RO         7220    .constdata          STemWin532_CM4_OS_Keil.lib(f24_ascii.o)
    0x0800be48   0x00000030   Data   RO         7221    .constdata          STemWin532_CM4_OS_Keil.lib(f24_ascii.o)
    0x0800be78   0x00000030   Data   RO         7222    .constdata          STemWin532_CM4_OS_Keil.lib(f24_ascii.o)
    0x0800bea8   0x00000048   Data   RO         7223    .constdata          STemWin532_CM4_OS_Keil.lib(f24_ascii.o)
    0x0800bef0   0x00000030   Data   RO         7224    .constdata          STemWin532_CM4_OS_Keil.lib(f24_ascii.o)
    0x0800bf20   0x00000030   Data   RO         7225    .constdata          STemWin532_CM4_OS_Keil.lib(f24_ascii.o)
    0x0800bf50   0x00000030   Data   RO         7226    .constdata          STemWin532_CM4_OS_Keil.lib(f24_ascii.o)
    0x0800bf80   0x00000030   Data   RO         7227    .constdata          STemWin532_CM4_OS_Keil.lib(f24_ascii.o)
    0x0800bfb0   0x00000030   Data   RO         7228    .constdata          STemWin532_CM4_OS_Keil.lib(f24_ascii.o)
    0x0800bfe0   0x00000030   Data   RO         7229    .constdata          STemWin532_CM4_OS_Keil.lib(f24_ascii.o)
    0x0800c010   0x00000030   Data   RO         7230    .constdata          STemWin532_CM4_OS_Keil.lib(f24_ascii.o)
    0x0800c040   0x00000030   Data   RO         7231    .constdata          STemWin532_CM4_OS_Keil.lib(f24_ascii.o)
    0x0800c070   0x00000018   Data   RO         7232    .constdata          STemWin532_CM4_OS_Keil.lib(f24_ascii.o)
    0x0800c088   0x00000030   Data   RO         7233    .constdata          STemWin532_CM4_OS_Keil.lib(f24_ascii.o)
    0x0800c0b8   0x00000030   Data   RO         7234    .constdata          STemWin532_CM4_OS_Keil.lib(f24_ascii.o)
    0x0800c0e8   0x00000030   Data   RO         7235    .constdata          STemWin532_CM4_OS_Keil.lib(f24_ascii.o)
    0x0800c118   0x00000048   Data   RO         7236    .constdata          STemWin532_CM4_OS_Keil.lib(f24_ascii.o)
    0x0800c160   0x00000030   Data   RO         7237    .constdata          STemWin532_CM4_OS_Keil.lib(f24_ascii.o)
    0x0800c190   0x00000030   Data   RO         7238    .constdata          STemWin532_CM4_OS_Keil.lib(f24_ascii.o)
    0x0800c1c0   0x00000030   Data   RO         7239    .constdata          STemWin532_CM4_OS_Keil.lib(f24_ascii.o)
    0x0800c1f0   0x00000030   Data   RO         7240    .constdata          STemWin532_CM4_OS_Keil.lib(f24_ascii.o)
    0x0800c220   0x00000030   Data   RO         7241    .constdata          STemWin532_CM4_OS_Keil.lib(f24_ascii.o)
    0x0800c250   0x00000030   Data   RO         7242    .constdata          STemWin532_CM4_OS_Keil.lib(f24_ascii.o)
    0x0800c280   0x00000030   Data   RO         7243    .constdata          STemWin532_CM4_OS_Keil.lib(f24_ascii.o)
    0x0800c2b0   0x00000030   Data   RO         7244    .constdata          STemWin532_CM4_OS_Keil.lib(f24_ascii.o)
    0x0800c2e0   0x00000030   Data   RO         7245    .constdata          STemWin532_CM4_OS_Keil.lib(f24_ascii.o)
    0x0800c310   0x00000048   Data   RO         7246    .constdata          STemWin532_CM4_OS_Keil.lib(f24_ascii.o)
    0x0800c358   0x00000030   Data   RO         7247    .constdata          STemWin532_CM4_OS_Keil.lib(f24_ascii.o)
    0x0800c388   0x00000030   Data   RO         7248    .constdata          STemWin532_CM4_OS_Keil.lib(f24_ascii.o)
    0x0800c3b8   0x00000030   Data   RO         7249    .constdata          STemWin532_CM4_OS_Keil.lib(f24_ascii.o)
    0x0800c3e8   0x00000018   Data   RO         7250    .constdata          STemWin532_CM4_OS_Keil.lib(f24_ascii.o)
    0x0800c400   0x00000018   Data   RO         7251    .constdata          STemWin532_CM4_OS_Keil.lib(f24_ascii.o)
    0x0800c418   0x00000018   Data   RO         7252    .constdata          STemWin532_CM4_OS_Keil.lib(f24_ascii.o)
    0x0800c430   0x00000018   Data   RO         7253    .constdata          STemWin532_CM4_OS_Keil.lib(f24_ascii.o)
    0x0800c448   0x00000030   Data   RO         7254    .constdata          STemWin532_CM4_OS_Keil.lib(f24_ascii.o)
    0x0800c478   0x00000018   Data   RO         7255    .constdata          STemWin532_CM4_OS_Keil.lib(f24_ascii.o)
    0x0800c490   0x00000030   Data   RO         7256    .constdata          STemWin532_CM4_OS_Keil.lib(f24_ascii.o)
    0x0800c4c0   0x00000030   Data   RO         7257    .constdata          STemWin532_CM4_OS_Keil.lib(f24_ascii.o)
    0x0800c4f0   0x00000030   Data   RO         7258    .constdata          STemWin532_CM4_OS_Keil.lib(f24_ascii.o)
    0x0800c520   0x00000030   Data   RO         7259    .constdata          STemWin532_CM4_OS_Keil.lib(f24_ascii.o)
    0x0800c550   0x00000030   Data   RO         7260    .constdata          STemWin532_CM4_OS_Keil.lib(f24_ascii.o)
    0x0800c580   0x00000018   Data   RO         7261    .constdata          STemWin532_CM4_OS_Keil.lib(f24_ascii.o)
    0x0800c598   0x00000030   Data   RO         7262    .constdata          STemWin532_CM4_OS_Keil.lib(f24_ascii.o)
    0x0800c5c8   0x00000030   Data   RO         7263    .constdata          STemWin532_CM4_OS_Keil.lib(f24_ascii.o)
    0x0800c5f8   0x00000018   Data   RO         7264    .constdata          STemWin532_CM4_OS_Keil.lib(f24_ascii.o)
    0x0800c610   0x00000018   Data   RO         7265    .constdata          STemWin532_CM4_OS_Keil.lib(f24_ascii.o)
    0x0800c628   0x00000030   Data   RO         7266    .constdata          STemWin532_CM4_OS_Keil.lib(f24_ascii.o)
    0x0800c658   0x00000018   Data   RO         7267    .constdata          STemWin532_CM4_OS_Keil.lib(f24_ascii.o)
    0x0800c670   0x00000030   Data   RO         7268    .constdata          STemWin532_CM4_OS_Keil.lib(f24_ascii.o)
    0x0800c6a0   0x00000030   Data   RO         7269    .constdata          STemWin532_CM4_OS_Keil.lib(f24_ascii.o)
    0x0800c6d0   0x00000030   Data   RO         7270    .constdata          STemWin532_CM4_OS_Keil.lib(f24_ascii.o)
    0x0800c700   0x00000030   Data   RO         7271    .constdata          STemWin532_CM4_OS_Keil.lib(f24_ascii.o)
    0x0800c730   0x00000030   Data   RO         7272    .constdata          STemWin532_CM4_OS_Keil.lib(f24_ascii.o)
    0x0800c760   0x00000018   Data   RO         7273    .constdata          STemWin532_CM4_OS_Keil.lib(f24_ascii.o)
    0x0800c778   0x00000030   Data   RO         7274    .constdata          STemWin532_CM4_OS_Keil.lib(f24_ascii.o)
    0x0800c7a8   0x00000018   Data   RO         7275    .constdata          STemWin532_CM4_OS_Keil.lib(f24_ascii.o)
    0x0800c7c0   0x00000030   Data   RO         7276    .constdata          STemWin532_CM4_OS_Keil.lib(f24_ascii.o)
    0x0800c7f0   0x00000030   Data   RO         7277    .constdata          STemWin532_CM4_OS_Keil.lib(f24_ascii.o)
    0x0800c820   0x00000030   Data   RO         7278    .constdata          STemWin532_CM4_OS_Keil.lib(f24_ascii.o)
    0x0800c850   0x00000030   Data   RO         7279    .constdata          STemWin532_CM4_OS_Keil.lib(f24_ascii.o)
    0x0800c880   0x00000030   Data   RO         7280    .constdata          STemWin532_CM4_OS_Keil.lib(f24_ascii.o)
    0x0800c8b0   0x00000030   Data   RO         7281    .constdata          STemWin532_CM4_OS_Keil.lib(f24_ascii.o)
    0x0800c8e0   0x00000018   Data   RO         7282    .constdata          STemWin532_CM4_OS_Keil.lib(f24_ascii.o)
    0x0800c8f8   0x00000018   Data   RO         7283    .constdata          STemWin532_CM4_OS_Keil.lib(f24_ascii.o)
    0x0800c910   0x00000018   Data   RO         7284    .constdata          STemWin532_CM4_OS_Keil.lib(f24_ascii.o)
    0x0800c928   0x00000030   Data   RO         7285    .constdata          STemWin532_CM4_OS_Keil.lib(f24_ascii.o)
    0x0800c958   0x000002f8   Data   RO         7286    .constdata          STemWin532_CM4_OS_Keil.lib(f24_ascii.o)
    0x0800cc50   0x0000000c   Data   RO         7287    .constdata          STemWin532_CM4_OS_Keil.lib(f24_ascii.o)
    0x0800cc5c   0x00000024   Data   RO         7288    .constdata          STemWin532_CM4_OS_Keil.lib(f24_ascii.o)
    0x0800cc80   0x00000020   Data   RO         7289    .constdata          STemWin532_CM4_OS_Keil.lib(f32b_1.o)
    0x0800cca0   0x00000020   Data   RO         7290    .constdata          STemWin532_CM4_OS_Keil.lib(f32b_1.o)
    0x0800ccc0   0x00000040   Data   RO         7291    .constdata          STemWin532_CM4_OS_Keil.lib(f32b_1.o)
    0x0800cd00   0x00000040   Data   RO         7292    .constdata          STemWin532_CM4_OS_Keil.lib(f32b_1.o)
    0x0800cd40   0x00000040   Data   RO         7293    .constdata          STemWin532_CM4_OS_Keil.lib(f32b_1.o)
    0x0800cd80   0x00000040   Data   RO         7294    .constdata          STemWin532_CM4_OS_Keil.lib(f32b_1.o)
    0x0800cdc0   0x00000020   Data   RO         7295    .constdata          STemWin532_CM4_OS_Keil.lib(f32b_1.o)
    0x0800cde0   0x00000040   Data   RO         7296    .constdata          STemWin532_CM4_OS_Keil.lib(f32b_1.o)
    0x0800ce20   0x00000040   Data   RO         7297    .constdata          STemWin532_CM4_OS_Keil.lib(f32b_1.o)
    0x0800ce60   0x00000060   Data   RO         7298    .constdata          STemWin532_CM4_OS_Keil.lib(f32b_1.o)
    0x0800cec0   0x00000040   Data   RO         7299    .constdata          STemWin532_CM4_OS_Keil.lib(f32b_1.o)
    0x0800cf00   0x00000040   Data   RO         7300    .constdata          STemWin532_CM4_OS_Keil.lib(f32b_1.o)
    0x0800cf40   0x00000040   Data   RO         7301    .constdata          STemWin532_CM4_OS_Keil.lib(f32b_1.o)
    0x0800cf80   0x00000040   Data   RO         7302    .constdata          STemWin532_CM4_OS_Keil.lib(f32b_1.o)
    0x0800cfc0   0x00000060   Data   RO         7303    .constdata          STemWin532_CM4_OS_Keil.lib(f32b_1.o)
    0x0800d020   0x00000040   Data   RO         7304    .constdata          STemWin532_CM4_OS_Keil.lib(f32b_1.o)
    0x0800d060   0x00000040   Data   RO         7305    .constdata          STemWin532_CM4_OS_Keil.lib(f32b_1.o)
    0x0800d0a0   0x00000040   Data   RO         7306    .constdata          STemWin532_CM4_OS_Keil.lib(f32b_1.o)
    0x0800d0e0   0x00000040   Data   RO         7307    .constdata          STemWin532_CM4_OS_Keil.lib(f32b_1.o)
    0x0800d120   0x00000040   Data   RO         7308    .constdata          STemWin532_CM4_OS_Keil.lib(f32b_1.o)
    0x0800d160   0x00000040   Data   RO         7309    .constdata          STemWin532_CM4_OS_Keil.lib(f32b_1.o)
    0x0800d1a0   0x00000040   Data   RO         7310    .constdata          STemWin532_CM4_OS_Keil.lib(f32b_1.o)
    0x0800d1e0   0x00000040   Data   RO         7311    .constdata          STemWin532_CM4_OS_Keil.lib(f32b_1.o)
    0x0800d220   0x00000020   Data   RO         7312    .constdata          STemWin532_CM4_OS_Keil.lib(f32b_1.o)
    0x0800d240   0x00000040   Data   RO         7313    .constdata          STemWin532_CM4_OS_Keil.lib(f32b_1.o)
    0x0800d280   0x00000040   Data   RO         7314    .constdata          STemWin532_CM4_OS_Keil.lib(f32b_1.o)
    0x0800d2c0   0x00000040   Data   RO         7315    .constdata          STemWin532_CM4_OS_Keil.lib(f32b_1.o)
    0x0800d300   0x00000040   Data   RO         7316    .constdata          STemWin532_CM4_OS_Keil.lib(f32b_1.o)
    0x0800d340   0x00000060   Data   RO         7317    .constdata          STemWin532_CM4_OS_Keil.lib(f32b_1.o)
    0x0800d3a0   0x00000060   Data   RO         7318    .constdata          STemWin532_CM4_OS_Keil.lib(f32b_1.o)
    0x0800d400   0x00000060   Data   RO         7319    .constdata          STemWin532_CM4_OS_Keil.lib(f32b_1.o)
    0x0800d460   0x00000060   Data   RO         7320    .constdata          STemWin532_CM4_OS_Keil.lib(f32b_1.o)
    0x0800d4c0   0x00000060   Data   RO         7321    .constdata          STemWin532_CM4_OS_Keil.lib(f32b_1.o)
    0x0800d520   0x00000060   Data   RO         7322    .constdata          STemWin532_CM4_OS_Keil.lib(f32b_1.o)
    0x0800d580   0x00000060   Data   RO         7323    .constdata          STemWin532_CM4_OS_Keil.lib(f32b_1.o)
    0x0800d5e0   0x00000060   Data   RO         7324    .constdata          STemWin532_CM4_OS_Keil.lib(f32b_1.o)
    0x0800d640   0x00000060   Data   RO         7325    .constdata          STemWin532_CM4_OS_Keil.lib(f32b_1.o)
    0x0800d6a0   0x00000060   Data   RO         7326    .constdata          STemWin532_CM4_OS_Keil.lib(f32b_1.o)
    0x0800d700   0x00000080   Data   RO         7327    .constdata          STemWin532_CM4_OS_Keil.lib(f32b_1.o)
    0x0800d780   0x00000060   Data   RO         7328    .constdata          STemWin532_CM4_OS_Keil.lib(f32b_1.o)
    0x0800d7e0   0x00000060   Data   RO         7329    .constdata          STemWin532_CM4_OS_Keil.lib(f32b_1.o)
    0x0800d840   0x00000060   Data   RO         7330    .constdata          STemWin532_CM4_OS_Keil.lib(f32b_1.o)
    0x0800d8a0   0x00000060   Data   RO         7331    .constdata          STemWin532_CM4_OS_Keil.lib(f32b_1.o)
    0x0800d900   0x00000060   Data   RO         7332    .constdata          STemWin532_CM4_OS_Keil.lib(f32b_1.o)
    0x0800d960   0x00000020   Data   RO         7333    .constdata          STemWin532_CM4_OS_Keil.lib(f32b_1.o)
    0x0800d980   0x00000020   Data   RO         7334    .constdata          STemWin532_CM4_OS_Keil.lib(f32b_1.o)
    0x0800d9a0   0x00000020   Data   RO         7335    .constdata          STemWin532_CM4_OS_Keil.lib(f32b_1.o)
    0x0800d9c0   0x00000020   Data   RO         7336    .constdata          STemWin532_CM4_OS_Keil.lib(f32b_1.o)
    0x0800d9e0   0x00000060   Data   RO         7337    .constdata          STemWin532_CM4_OS_Keil.lib(f32b_1.o)
    0x0800da40   0x00000060   Data   RO         7338    .constdata          STemWin532_CM4_OS_Keil.lib(f32b_1.o)
    0x0800daa0   0x00000060   Data   RO         7339    .constdata          STemWin532_CM4_OS_Keil.lib(f32b_1.o)
    0x0800db00   0x00000060   Data   RO         7340    .constdata          STemWin532_CM4_OS_Keil.lib(f32b_1.o)
    0x0800db60   0x00000060   Data   RO         7341    .constdata          STemWin532_CM4_OS_Keil.lib(f32b_1.o)
    0x0800dbc0   0x00000060   Data   RO         7342    .constdata          STemWin532_CM4_OS_Keil.lib(f32b_1.o)
    0x0800dc20   0x00000060   Data   RO         7343    .constdata          STemWin532_CM4_OS_Keil.lib(f32b_1.o)
    0x0800dc80   0x00000040   Data   RO         7344    .constdata          STemWin532_CM4_OS_Keil.lib(f32b_1.o)
    0x0800dcc0   0x00000060   Data   RO         7345    .constdata          STemWin532_CM4_OS_Keil.lib(f32b_1.o)
    0x0800dd20   0x00000060   Data   RO         7346    .constdata          STemWin532_CM4_OS_Keil.lib(f32b_1.o)
    0x0800dd80   0x00000060   Data   RO         7347    .constdata          STemWin532_CM4_OS_Keil.lib(f32b_1.o)
    0x0800dde0   0x00000060   Data   RO         7348    .constdata          STemWin532_CM4_OS_Keil.lib(f32b_1.o)
    0x0800de40   0x00000060   Data   RO         7349    .constdata          STemWin532_CM4_OS_Keil.lib(f32b_1.o)
    0x0800dea0   0x00000060   Data   RO         7350    .constdata          STemWin532_CM4_OS_Keil.lib(f32b_1.o)
    0x0800df00   0x00000060   Data   RO         7351    .constdata          STemWin532_CM4_OS_Keil.lib(f32b_1.o)
    0x0800df60   0x00000060   Data   RO         7352    .constdata          STemWin532_CM4_OS_Keil.lib(f32b_1.o)
    0x0800dfc0   0x00000040   Data   RO         7353    .constdata          STemWin532_CM4_OS_Keil.lib(f32b_1.o)
    0x0800e000   0x00000040   Data   RO         7354    .constdata          STemWin532_CM4_OS_Keil.lib(f32b_1.o)
    0x0800e040   0x00000040   Data   RO         7355    .constdata          STemWin532_CM4_OS_Keil.lib(f32b_1.o)
    0x0800e080   0x00000040   Data   RO         7356    .constdata          STemWin532_CM4_OS_Keil.lib(f32b_1.o)
    0x0800e0c0   0x00000040   Data   RO         7357    .constdata          STemWin532_CM4_OS_Keil.lib(f32b_1.o)
    0x0800e100   0x00000040   Data   RO         7358    .constdata          STemWin532_CM4_OS_Keil.lib(f32b_1.o)
    0x0800e140   0x00000060   Data   RO         7359    .constdata          STemWin532_CM4_OS_Keil.lib(f32b_1.o)
    0x0800e1a0   0x00000040   Data   RO         7360    .constdata          STemWin532_CM4_OS_Keil.lib(f32b_1.o)
    0x0800e1e0   0x00000040   Data   RO         7361    .constdata          STemWin532_CM4_OS_Keil.lib(f32b_1.o)
    0x0800e220   0x00000040   Data   RO         7362    .constdata          STemWin532_CM4_OS_Keil.lib(f32b_1.o)
    0x0800e260   0x00000040   Data   RO         7363    .constdata          STemWin532_CM4_OS_Keil.lib(f32b_1.o)
    0x0800e2a0   0x00000040   Data   RO         7364    .constdata          STemWin532_CM4_OS_Keil.lib(f32b_1.o)
    0x0800e2e0   0x00000020   Data   RO         7365    .constdata          STemWin532_CM4_OS_Keil.lib(f32b_1.o)
    0x0800e300   0x00000020   Data   RO         7366    .constdata          STemWin532_CM4_OS_Keil.lib(f32b_1.o)
    0x0800e320   0x00000020   Data   RO         7367    .constdata          STemWin532_CM4_OS_Keil.lib(f32b_1.o)
    0x0800e340   0x00000020   Data   RO         7368    .constdata          STemWin532_CM4_OS_Keil.lib(f32b_1.o)
    0x0800e360   0x00000060   Data   RO         7369    .constdata          STemWin532_CM4_OS_Keil.lib(f32b_1.o)
    0x0800e3c0   0x00000060   Data   RO         7370    .constdata          STemWin532_CM4_OS_Keil.lib(f32b_1.o)
    0x0800e420   0x00000060   Data   RO         7371    .constdata          STemWin532_CM4_OS_Keil.lib(f32b_1.o)
    0x0800e480   0x00000060   Data   RO         7372    .constdata          STemWin532_CM4_OS_Keil.lib(f32b_1.o)
    0x0800e4e0   0x00000060   Data   RO         7373    .constdata          STemWin532_CM4_OS_Keil.lib(f32b_1.o)
    0x0800e540   0x00000060   Data   RO         7374    .constdata          STemWin532_CM4_OS_Keil.lib(f32b_1.o)
    0x0800e5a0   0x00000060   Data   RO         7375    .constdata          STemWin532_CM4_OS_Keil.lib(f32b_1.o)
    0x0800e600   0x00000040   Data   RO         7376    .constdata          STemWin532_CM4_OS_Keil.lib(f32b_1.o)
    0x0800e640   0x00000060   Data   RO         7377    .constdata          STemWin532_CM4_OS_Keil.lib(f32b_1.o)
    0x0800e6a0   0x00000060   Data   RO         7378    .constdata          STemWin532_CM4_OS_Keil.lib(f32b_1.o)
    0x0800e700   0x00000060   Data   RO         7379    .constdata          STemWin532_CM4_OS_Keil.lib(f32b_1.o)
    0x0800e760   0x00000060   Data   RO         7380    .constdata          STemWin532_CM4_OS_Keil.lib(f32b_1.o)
    0x0800e7c0   0x00000060   Data   RO         7381    .constdata          STemWin532_CM4_OS_Keil.lib(f32b_1.o)
    0x0800e820   0x00000040   Data   RO         7382    .constdata          STemWin532_CM4_OS_Keil.lib(f32b_1.o)
    0x0800e860   0x00000060   Data   RO         7383    .constdata          STemWin532_CM4_OS_Keil.lib(f32b_1.o)
    0x0800e8c0   0x00000040   Data   RO         7384    .constdata          STemWin532_CM4_OS_Keil.lib(f32b_1.o)
    0x0800e900   0x00000300   Data   RO         7385    .constdata          STemWin532_CM4_OS_Keil.lib(f32b_1.o)
    0x0800ec00   0x0000000c   Data   RO         7386    .constdata          STemWin532_CM4_OS_Keil.lib(f32b_1.o)
    0x0800ec0c   0x00000024   Data   RO         7387    .constdata          STemWin532_CM4_OS_Keil.lib(f32b_1.o)
    0x0800ec30   0x00000028   Data   RO         7395    .constdata          STemWin532_CM4_OS_Keil.lib(gui_adddecshift.o)
    0x0800ec58   0x00000010   Data   RO         7457    .constdata          STemWin532_CM4_OS_Keil.lib(gui_uc_encodenone.o)
    0x0800ec68   0x0000000c   Data   RO         7483    .constdata          STemWin532_CM4_OS_Keil.lib(lcd.o)
    0x0800ec74   0x00000100   Data   RO         7518    .constdata          STemWin532_CM4_OS_Keil.lib(lcd_mirror.o)
    0x0800ed74   0x00000020   Data   RO         7519    .constdata          STemWin532_CM4_OS_Keil.lib(f32b_ascii.o)
    0x0800ed94   0x00000020   Data   RO         7520    .constdata          STemWin532_CM4_OS_Keil.lib(f32b_ascii.o)
    0x0800edb4   0x00000040   Data   RO         7521    .constdata          STemWin532_CM4_OS_Keil.lib(f32b_ascii.o)
    0x0800edf4   0x00000040   Data   RO         7522    .constdata          STemWin532_CM4_OS_Keil.lib(f32b_ascii.o)
    0x0800ee34   0x00000040   Data   RO         7523    .constdata          STemWin532_CM4_OS_Keil.lib(f32b_ascii.o)
    0x0800ee74   0x00000060   Data   RO         7524    .constdata          STemWin532_CM4_OS_Keil.lib(f32b_ascii.o)
    0x0800eed4   0x00000060   Data   RO         7525    .constdata          STemWin532_CM4_OS_Keil.lib(f32b_ascii.o)
    0x0800ef34   0x00000020   Data   RO         7526    .constdata          STemWin532_CM4_OS_Keil.lib(f32b_ascii.o)
    0x0800ef54   0x00000040   Data   RO         7527    .constdata          STemWin532_CM4_OS_Keil.lib(f32b_ascii.o)
    0x0800ef94   0x00000040   Data   RO         7528    .constdata          STemWin532_CM4_OS_Keil.lib(f32b_ascii.o)
    0x0800efd4   0x00000040   Data   RO         7529    .constdata          STemWin532_CM4_OS_Keil.lib(f32b_ascii.o)
    0x0800f014   0x00000040   Data   RO         7530    .constdata          STemWin532_CM4_OS_Keil.lib(f32b_ascii.o)
    0x0800f054   0x00000020   Data   RO         7531    .constdata          STemWin532_CM4_OS_Keil.lib(f32b_ascii.o)
    0x0800f074   0x00000040   Data   RO         7532    .constdata          STemWin532_CM4_OS_Keil.lib(f32b_ascii.o)
    0x0800f0b4   0x00000020   Data   RO         7533    .constdata          STemWin532_CM4_OS_Keil.lib(f32b_ascii.o)
    0x0800f0d4   0x00000020   Data   RO         7534    .constdata          STemWin532_CM4_OS_Keil.lib(f32b_ascii.o)
    0x0800f0f4   0x00000040   Data   RO         7535    .constdata          STemWin532_CM4_OS_Keil.lib(f32b_ascii.o)
    0x0800f134   0x00000040   Data   RO         7536    .constdata          STemWin532_CM4_OS_Keil.lib(f32b_ascii.o)
    0x0800f174   0x00000040   Data   RO         7537    .constdata          STemWin532_CM4_OS_Keil.lib(f32b_ascii.o)
    0x0800f1b4   0x00000040   Data   RO         7538    .constdata          STemWin532_CM4_OS_Keil.lib(f32b_ascii.o)
    0x0800f1f4   0x00000040   Data   RO         7539    .constdata          STemWin532_CM4_OS_Keil.lib(f32b_ascii.o)
    0x0800f234   0x00000040   Data   RO         7540    .constdata          STemWin532_CM4_OS_Keil.lib(f32b_ascii.o)
    0x0800f274   0x00000040   Data   RO         7541    .constdata          STemWin532_CM4_OS_Keil.lib(f32b_ascii.o)
    0x0800f2b4   0x00000040   Data   RO         7542    .constdata          STemWin532_CM4_OS_Keil.lib(f32b_ascii.o)
    0x0800f2f4   0x00000040   Data   RO         7543    .constdata          STemWin532_CM4_OS_Keil.lib(f32b_ascii.o)
    0x0800f334   0x00000040   Data   RO         7544    .constdata          STemWin532_CM4_OS_Keil.lib(f32b_ascii.o)
    0x0800f374   0x00000040   Data   RO         7545    .constdata          STemWin532_CM4_OS_Keil.lib(f32b_ascii.o)
    0x0800f3b4   0x00000040   Data   RO         7546    .constdata          STemWin532_CM4_OS_Keil.lib(f32b_ascii.o)
    0x0800f3f4   0x00000040   Data   RO         7547    .constdata          STemWin532_CM4_OS_Keil.lib(f32b_ascii.o)
    0x0800f434   0x00000040   Data   RO         7548    .constdata          STemWin532_CM4_OS_Keil.lib(f32b_ascii.o)
    0x0800f474   0x00000040   Data   RO         7549    .constdata          STemWin532_CM4_OS_Keil.lib(f32b_ascii.o)
    0x0800f4b4   0x00000060   Data   RO         7550    .constdata          STemWin532_CM4_OS_Keil.lib(f32b_ascii.o)
    0x0800f514   0x00000080   Data   RO         7551    .constdata          STemWin532_CM4_OS_Keil.lib(f32b_ascii.o)
    0x0800f594   0x00000060   Data   RO         7552    .constdata          STemWin532_CM4_OS_Keil.lib(f32b_ascii.o)
    0x0800f5f4   0x00000060   Data   RO         7553    .constdata          STemWin532_CM4_OS_Keil.lib(f32b_ascii.o)
    0x0800f654   0x00000060   Data   RO         7554    .constdata          STemWin532_CM4_OS_Keil.lib(f32b_ascii.o)
    0x0800f6b4   0x00000060   Data   RO         7555    .constdata          STemWin532_CM4_OS_Keil.lib(f32b_ascii.o)
    0x0800f714   0x00000060   Data   RO         7556    .constdata          STemWin532_CM4_OS_Keil.lib(f32b_ascii.o)
    0x0800f774   0x00000060   Data   RO         7557    .constdata          STemWin532_CM4_OS_Keil.lib(f32b_ascii.o)
    0x0800f7d4   0x00000060   Data   RO         7558    .constdata          STemWin532_CM4_OS_Keil.lib(f32b_ascii.o)
    0x0800f834   0x00000060   Data   RO         7559    .constdata          STemWin532_CM4_OS_Keil.lib(f32b_ascii.o)
    0x0800f894   0x00000020   Data   RO         7560    .constdata          STemWin532_CM4_OS_Keil.lib(f32b_ascii.o)
    0x0800f8b4   0x00000040   Data   RO         7561    .constdata          STemWin532_CM4_OS_Keil.lib(f32b_ascii.o)
    0x0800f8f4   0x00000060   Data   RO         7562    .constdata          STemWin532_CM4_OS_Keil.lib(f32b_ascii.o)
    0x0800f954   0x00000060   Data   RO         7563    .constdata          STemWin532_CM4_OS_Keil.lib(f32b_ascii.o)
    0x0800f9b4   0x00000060   Data   RO         7564    .constdata          STemWin532_CM4_OS_Keil.lib(f32b_ascii.o)
    0x0800fa14   0x00000060   Data   RO         7565    .constdata          STemWin532_CM4_OS_Keil.lib(f32b_ascii.o)
    0x0800fa74   0x00000060   Data   RO         7566    .constdata          STemWin532_CM4_OS_Keil.lib(f32b_ascii.o)
    0x0800fad4   0x00000060   Data   RO         7567    .constdata          STemWin532_CM4_OS_Keil.lib(f32b_ascii.o)
    0x0800fb34   0x00000060   Data   RO         7568    .constdata          STemWin532_CM4_OS_Keil.lib(f32b_ascii.o)
    0x0800fb94   0x00000060   Data   RO         7569    .constdata          STemWin532_CM4_OS_Keil.lib(f32b_ascii.o)
    0x0800fbf4   0x00000060   Data   RO         7570    .constdata          STemWin532_CM4_OS_Keil.lib(f32b_ascii.o)
    0x0800fc54   0x00000060   Data   RO         7571    .constdata          STemWin532_CM4_OS_Keil.lib(f32b_ascii.o)
    0x0800fcb4   0x00000060   Data   RO         7572    .constdata          STemWin532_CM4_OS_Keil.lib(f32b_ascii.o)
    0x0800fd14   0x00000060   Data   RO         7573    .constdata          STemWin532_CM4_OS_Keil.lib(f32b_ascii.o)
    0x0800fd74   0x00000080   Data   RO         7574    .constdata          STemWin532_CM4_OS_Keil.lib(f32b_ascii.o)
    0x0800fdf4   0x00000060   Data   RO         7575    .constdata          STemWin532_CM4_OS_Keil.lib(f32b_ascii.o)
    0x0800fe54   0x00000060   Data   RO         7576    .constdata          STemWin532_CM4_OS_Keil.lib(f32b_ascii.o)
    0x0800feb4   0x00000060   Data   RO         7577    .constdata          STemWin532_CM4_OS_Keil.lib(f32b_ascii.o)
    0x0800ff14   0x00000040   Data   RO         7578    .constdata          STemWin532_CM4_OS_Keil.lib(f32b_ascii.o)
    0x0800ff54   0x00000020   Data   RO         7579    .constdata          STemWin532_CM4_OS_Keil.lib(f32b_ascii.o)
    0x0800ff74   0x00000040   Data   RO         7580    .constdata          STemWin532_CM4_OS_Keil.lib(f32b_ascii.o)
    0x0800ffb4   0x00000040   Data   RO         7581    .constdata          STemWin532_CM4_OS_Keil.lib(f32b_ascii.o)
    0x0800fff4   0x00000040   Data   RO         7582    .constdata          STemWin532_CM4_OS_Keil.lib(f32b_ascii.o)
    0x08010034   0x00000040   Data   RO         7583    .constdata          STemWin532_CM4_OS_Keil.lib(f32b_ascii.o)
    0x08010074   0x00000040   Data   RO         7584    .constdata          STemWin532_CM4_OS_Keil.lib(f32b_ascii.o)
    0x080100b4   0x00000060   Data   RO         7585    .constdata          STemWin532_CM4_OS_Keil.lib(f32b_ascii.o)
    0x08010114   0x00000040   Data   RO         7586    .constdata          STemWin532_CM4_OS_Keil.lib(f32b_ascii.o)
    0x08010154   0x00000060   Data   RO         7587    .constdata          STemWin532_CM4_OS_Keil.lib(f32b_ascii.o)
    0x080101b4   0x00000040   Data   RO         7588    .constdata          STemWin532_CM4_OS_Keil.lib(f32b_ascii.o)
    0x080101f4   0x00000040   Data   RO         7589    .constdata          STemWin532_CM4_OS_Keil.lib(f32b_ascii.o)
    0x08010234   0x00000060   Data   RO         7590    .constdata          STemWin532_CM4_OS_Keil.lib(f32b_ascii.o)
    0x08010294   0x00000060   Data   RO         7591    .constdata          STemWin532_CM4_OS_Keil.lib(f32b_ascii.o)
    0x080102f4   0x00000020   Data   RO         7592    .constdata          STemWin532_CM4_OS_Keil.lib(f32b_ascii.o)
    0x08010314   0x00000020   Data   RO         7593    .constdata          STemWin532_CM4_OS_Keil.lib(f32b_ascii.o)
    0x08010334   0x00000040   Data   RO         7594    .constdata          STemWin532_CM4_OS_Keil.lib(f32b_ascii.o)
    0x08010374   0x00000020   Data   RO         7595    .constdata          STemWin532_CM4_OS_Keil.lib(f32b_ascii.o)
    0x08010394   0x00000080   Data   RO         7596    .constdata          STemWin532_CM4_OS_Keil.lib(f32b_ascii.o)
    0x08010414   0x00000060   Data   RO         7597    .constdata          STemWin532_CM4_OS_Keil.lib(f32b_ascii.o)
    0x08010474   0x00000060   Data   RO         7598    .constdata          STemWin532_CM4_OS_Keil.lib(f32b_ascii.o)
    0x080104d4   0x00000060   Data   RO         7599    .constdata          STemWin532_CM4_OS_Keil.lib(f32b_ascii.o)
    0x08010534   0x00000060   Data   RO         7600    .constdata          STemWin532_CM4_OS_Keil.lib(f32b_ascii.o)
    0x08010594   0x00000040   Data   RO         7601    .constdata          STemWin532_CM4_OS_Keil.lib(f32b_ascii.o)
    0x080105d4   0x00000040   Data   RO         7602    .constdata          STemWin532_CM4_OS_Keil.lib(f32b_ascii.o)
    0x08010614   0x00000040   Data   RO         7603    .constdata          STemWin532_CM4_OS_Keil.lib(f32b_ascii.o)
    0x08010654   0x00000060   Data   RO         7604    .constdata          STemWin532_CM4_OS_Keil.lib(f32b_ascii.o)
    0x080106b4   0x00000040   Data   RO         7605    .constdata          STemWin532_CM4_OS_Keil.lib(f32b_ascii.o)
    0x080106f4   0x00000060   Data   RO         7606    .constdata          STemWin532_CM4_OS_Keil.lib(f32b_ascii.o)
    0x08010754   0x00000040   Data   RO         7607    .constdata          STemWin532_CM4_OS_Keil.lib(f32b_ascii.o)
    0x08010794   0x00000040   Data   RO         7608    .constdata          STemWin532_CM4_OS_Keil.lib(f32b_ascii.o)
    0x080107d4   0x00000040   Data   RO         7609    .constdata          STemWin532_CM4_OS_Keil.lib(f32b_ascii.o)
    0x08010814   0x00000040   Data   RO         7610    .constdata          STemWin532_CM4_OS_Keil.lib(f32b_ascii.o)
    0x08010854   0x00000020   Data   RO         7611    .constdata          STemWin532_CM4_OS_Keil.lib(f32b_ascii.o)
    0x08010874   0x00000040   Data   RO         7612    .constdata          STemWin532_CM4_OS_Keil.lib(f32b_ascii.o)
    0x080108b4   0x00000040   Data   RO         7613    .constdata          STemWin532_CM4_OS_Keil.lib(f32b_ascii.o)
    0x080108f4   0x000002f8   Data   RO         7614    .constdata          STemWin532_CM4_OS_Keil.lib(f32b_ascii.o)
    0x08010bec   0x0000000c   Data   RO         7615    .constdata          STemWin532_CM4_OS_Keil.lib(f32b_ascii.o)
    0x08010bf8   0x00000074   Data   RO         7634    .constdata          STemWin532_CM4_OS_Keil.lib(guidev_32.o)
    0x08010c6c   0x00000018   Data   RO         7909    .constdata          STemWin532_CM4_OS_Keil.lib(guicc_0.o)
    0x08010c84   0x00000017   Data   RO         2017    .conststring        main.o
    0x08010c9b   0x00000001   PAD
    0x08010c9c   0x00000020   Data   RO         8537    Region$$Table       anon$$obj.o


    Execution Region RW_IRAM1 (Base: 0x20000000, Size: 0x0002e428, Max: 0x00050000, ABSOLUTE, COMPRESSED[0x00000044])

    Base Addr    Size         Type   Attr      Idx    E Section Name        Object

    0x20000000   0x0000003c   Data   RW          358    .data               tasks.o
    0x2000003c   0x00000018   Data   RW          784    .data               heap_4.o
    0x20000054   0x0000000c   Data   RW         1295    .data               port.o
    0x20000060   0x00000001   Data   RW         1380    .data               sd_diskio.o
    0x20000061   0x00000005   Data   RW         1956    .data               fatfs.o
    0x20000066   0x00000002   PAD
    0x20000068   0x00000018   Data   RW         2023    .data               main.o
    0x20000080   0x00000008   Data   RW         2153    .data               stm32f7xx_hal_msp.o
    0x20000088   0x00000004   Data   RW         2344    .data               stm32f7xx_it.o
    0x2000008c   0x00000007   Data   RW         2504    .data               ft5336.o
    0x20000093   0x00000001   Data   RW         2701    .data               mt48lc4m32b2.o
    0x20000094   0x00000004   Data   RW         2745    .data               system_stm32f7xx.o
    0x20000098   0x00000004   Data   RW         5159    .data               stm32f7xx_hal.o
    0x2000009c   0x00000008   Data   RW         6589    .data               lcdconf.o
    0x200000a4   0x00000008   Data   RW         6687    .data               gui_x_os.o
    0x200000ac   0x00000008   Data   RW         6775    .data               STemWin532_CM4_OS_Keil.lib(guicc_m8888i.o)
    0x200000b4   0x00000008   Data   RW         6819    .data               STemWin532_CM4_OS_Keil.lib(gui_alloc.o)
    0x200000bc   0x0000002c   Data   RW         6870    .data               STemWin532_CM4_OS_Keil.lib(gui_core.o)
    0x200000e8   0x00000004   Data   RW         6875    .data               STemWin532_CM4_OS_Keil.lib(gui_core.o)
    0x200000ec   0x00000004   Data   RW         6876    .data               STemWin532_CM4_OS_Keil.lib(gui_core.o)
    0x200000f0   0x00000002   Data   RW         6878    .data               STemWin532_CM4_OS_Keil.lib(gui_core.o)
    0x200000f2   0x00000002   PAD
    0x200000f4   0x00000004   Data   RW         6880    .data               STemWin532_CM4_OS_Keil.lib(gui_core.o)
    0x200000f8   0x00000002   Data   RW         6881    .data               STemWin532_CM4_OS_Keil.lib(gui_core.o)
    0x200000fa   0x00000002   Data   RW         6882    .data               STemWin532_CM4_OS_Keil.lib(gui_core.o)
    0x200000fc   0x00000024   Data   RW         6928    .data               STemWin532_CM4_OS_Keil.lib(gui_multibuf.o)
    0x20000120   0x00000008   Data   RW         7021    .data               STemWin532_CM4_OS_Keil.lib(lcd_getex.o)
    0x20000128   0x0000001c   Data   RW         7442    .data               STemWin532_CM4_OS_Keil.lib(gui_task.o)
    0x20000144   0x00000004   Data   RW         7484    .data               STemWin532_CM4_OS_Keil.lib(lcd.o)
    0x20000148   0x00000010   Data   RW         7510    .data               STemWin532_CM4_OS_Keil.lib(lcd_color.o)
    0x20000158   0x00000064   Data   RW         7709    .data               STemWin532_CM4_OS_Keil.lib(wm.o)
    0x200001bc   0x00000028   Data   RW         7778    .data               STemWin532_CM4_OS_Keil.lib(gui__alpha.o)
    0x200001e4   0x00000018   Data   RW         7799    .data               STemWin532_CM4_OS_Keil.lib(gui__managecache.o)
    0x200001fc   0x00000004   Data   RW         7826    .data               STemWin532_CM4_OS_Keil.lib(gui_charline.o)
    0x20000200   0x00000010   Data   RW         7856    .data               STemWin532_CM4_OS_Keil.lib(gui_onkey.o)
    0x20000210   0x0000000c   Data   RW         7897    .data               STemWin532_CM4_OS_Keil.lib(gui_waitevent.o)
    0x2000021c   0x00000004   Data   RW         7982    .data               STemWin532_CM4_OS_Keil.lib(wm__sendmessage.o)
    0x20000220   0x000000f0   Zero   RW          357    .bss                tasks.o
    0x20000310   0x00003c00   Zero   RW          783    .bss                heap_4.o
    0x20003f10   0x0000000c   Zero   RW         1839    .bss                ff_gen_drv.o
    0x20003f1c   0x00000a08   Zero   RW         2007    .bss                main.o
    0x20004924   0x00000060   Zero   RW         2008    .bss                main.o
    0x20004984   0x00000060   Zero   RW         2009    .bss                main.o
    0x200049e4   0x00000040   Zero   RW         2437    .bss                stm32f7xx_hal_timebase_tim.o
    0x20004a24   0x00000010   Zero   RW         2700    .bss                mt48lc4m32b2.o
    0x20004a34   0x00025800   Zero   RW         6659    .bss                guiconf.o
    0x2002a234   0x000000cc   Zero   RW         6818    .bss                STemWin532_CM4_OS_Keil.lib(gui_alloc.o)
    0x2002a300   0x00000070   Zero   RW         6868    .bss                STemWin532_CM4_OS_Keil.lib(gui_core.o)
    0x2002a370   0x00000018   Zero   RW         7707    .bss                STemWin532_CM4_OS_Keil.lib(wm.o)
    0x2002a388   0x00000058   Zero   RW         7855    .bss                STemWin532_CM4_OS_Keil.lib(gui_onkey.o)
    0x2002a3e0   0x00000048   Zero   RW         8023    .bss                STemWin532_CM4_OS_Keil.lib(wm_touch.o)
    0x2002a428   0x00004000   Zero   RW         1944    STACK               startup_stm32f746xx.o


==============================================================================

Image component sizes


      Code (inc. data)   RO Data    RW Data    ZI Data      Debug   Object Name

       152         24          0          0          0       3587   bsp_driver_sd.o
       352         12          0          0          0      23891   cmsis_os.o
         0          0          0          0          0     863416   croutine.o
         0          0          0          0          0      12028   event_groups.o
        28         10          0          5          0        984   fatfs.o
        70          4          0          0         12       1711   ff_gen_drv.o
       194         18          0          7          0       4046   ft5336.o
        72         14          0          8          0       3415   gui_x_os.o
        32         10          0          0     153600        547   guiconf.o
       484         24          0         24      15360       7471   heap_4.o
       746         84          0          8          0       6481   lcdconf.o
       136          0          0          0          0       3594   list.o
        68          8          0          0          0        569   ltdc.o
      1826        242         63         24       2760      53464   main.o
       152          8          0          1         16       1203   mt48lc4m32b2.o
       738         82          0         12          0      11921   port.o
      1632         14          0          0          0      17217   queue.o
       272         32         20          1          0      10096   sd_diskio.o
        36          8        456          0      16384        812   startup_stm32f746xx.o
        72         12          0          4          0       3200   stm32f7xx_hal.o
       374         28          0          0          0      38391   stm32f7xx_hal_cortex.o
       776         22          8          0          0       4216   stm32f7xx_hal_dma.o
      1042          8          0          0          0       8468   stm32f7xx_hal_dma2d.o
       482         54          0          0          0       2596   stm32f7xx_hal_gpio.o
      1568         24          0          0          0      12262   stm32f7xx_hal_i2c.o
       172          0          0          0          0       1987   stm32f7xx_hal_i2c_ex.o
      1214          8          0          0          0       7580   stm32f7xx_hal_ltdc.o
       912        160          0          8          0       6409   stm32f7xx_hal_msp.o
       108          8          0          0          0       1284   stm32f7xx_hal_pwr_ex.o
      1472         68          0          0          0       5834   stm32f7xx_hal_rcc.o
      1716         16          0          0          0       2436   stm32f7xx_hal_rcc_ex.o
        62          0          0          0          0       1131   stm32f7xx_hal_rng.o
      2468          0          0          0          0      13428   stm32f7xx_hal_sd.o
       148          0          0          0          0       2752   stm32f7xx_hal_sdram.o
       672         46          0          0          0       6745   stm32f7xx_hal_tim.o
        92         10          0          0          0       2578   stm32f7xx_hal_tim_ex.o
       116         16          0          0         64       1481   stm32f7xx_hal_timebase_tim.o
       104         40          0          4          0       6358   stm32f7xx_it.o
       318          6          0          0          0       3584   stm32f7xx_ll_fmc.o
      1626         42          0          0          0      23152   stm32f7xx_ll_sdmmc.o
        84         16         24          4          0       1251   system_stm32f7xx.o
      2140        178          0         60        240      23477   tasks.o

    ----------------------------------------------------------------------
     24774       1356        604        172     188436    1207053   Object Totals
         0          0         32          0          0          0   (incl. Generated)
        46          0          1          2          0          0   (incl. Padding)

    ----------------------------------------------------------------------

      Code (inc. data)   RO Data    RW Data    ZI Data      Debug   Library Member Name

         0          0       4792          0          0          0   f24_ascii.o
         0          0       8112          0          0          0   f32b_1.o
         0          0       7812          0          0          0   f32b_ascii.o
         0          0       1816          0          0          0   f6x8.o
       862         38          0         40          0        800   gui__alpha.o
       372          0          0          0          0        260   gui__compactpixelindices.o
       322          0          0          0          0        156   gui__expandpixelindices.o
        58          0          0          0          0        116   gui__intersectrect.o
        82          0          0          0          0        128   gui__intersectrects.o
       228          8          0         24          0        252   gui__managecache.o
        76          0          0          0          0        124   gui__memset.o
       152         10         40          0          0        132   gui_adddecshift.o
      1698         90          0          8        204       2512   gui_alloc.o
        46          0          0          0          0        128   gui_alloc_alloczero.o
        60          0          0          0          0        124   gui_calccolordist.o
       164         20          0          0          0        500   gui_char.o
       458         36          0          4          0        760   gui_charline.o
       394         12          0          0          0        492   gui_charm.o
       316         10          0          0          0        624   gui_charp.o
       508         74          8         62        112       1020   gui_core.o
       366         24          0          0          0        976   gui_device.o
       264          4          0          0          0        136   gui_dispstring.o
        40          6          0          0          0        136   gui_dispstringat.o
        48          0          0          0          0        248   gui_getcolor.o
        66         12          0          0          0        360   gui_goto.o
        88          0          0          0          0        124   gui_mergerect.o
        30          0          0          0          0        116   gui_moverect.o
       104         22          0         36          0        464   gui_multibuf.o
        16          4          0         16         88        116   gui_onkey.o
        56          0          0          0          0        116   gui_rectsintersect.o
        94         10          0          0          0        264   gui_selectlayer.o
        26          0          0          0          0        128   gui_selectlcd.o
        44          0          0          0          0        256   gui_setcolor.o
        32          6          0          0          0        128   gui_setfont.o
        64         16          0          0          0        136   gui_setorg.o
       376         42          0         28          0        764   gui_task.o
        84         10          0          0          0        264   gui_uc.o
        18          0         16          0          0        464   gui_uc_encodenone.o
        34          0          0          0          0        128   gui_val.o
        16          4          0         12          0        116   gui_waitevent.o
       198          0         24          0          0        388   guicc_0.o
         2          0          0          0          0        116   guicc_8888_index2color.o
         2          0          0          0          0        116   guicc_888_index2color.o
       172          8         24          8          0        528   guicc_m8888i.o
        30          0          0          0          0        124   guicc_m8888i_index2color.o
        72          6          0          0          0        128   guidev.o
      2368         62        116          0          0       2256   guidev_32.o
        40          0          0          0          0        128   guidev_getdataptr.o
        84          0          0          0          0        260   guidev_usage.o
       400         14          0          0          0        144   guidev_writetoactivealpha.o
      2876        176         52          0          0       4468   guidrv_lin_32.o
      1210         98         12          4          0       2016   lcd.o
       272         30          0         16          0        632   lcd_color.o
        32         12          0          0          0        232   lcd_getcolorindex.o
       252         40          0          8          0       2244   lcd_getex.o
        26          0          0          0          0        128   lcd_getnumdisplays.o
         0          0        256          0          0          0   lcd_mirror.o
       504         18          0          0          0        280   lcd_readrect.o
        64          8          0          0          0        128   lcd_selectlcd.o
       260          0          0          0          0        788   lcd_set.o
        48         10          0          0          0        128   lcd_setcliprectex.o
        36          4          0          0          0        128   lcd_updatecolorindices.o
      2992        132          0        100         24       4096   wm.o
        18          0          0          0          0        124   wm__getfirstsibling.o
        36          0          0          0          0        128   wm__getprevsibling.o
        60          6          0          4          0        136   wm__sendmessage.o
       136          0          0          0          0        140   wm_bringtobottom.o
        16          6          0          0          0        116   wm_criticalhandle.o
        32          0          0          0          0        128   wm_getclientrect.o
        24         10          0          0          0        116   wm_getdesktopwindow.o
        26          0          0          0          0        124   wm_getfirstchild.o
        26          0          0          0          0        124   wm_getparent.o
        38          0          0          0          0        140   wm_sendtoparent.o
         0          0          0          0         72          0   wm_touch.o
        86          0          0          0          0          0   __dczerorl2.o
         0          0          0          0          0          0   entry.o
         0          0          0          0          0          0   entry10a.o
         0          0          0          0          0          0   entry11a.o
         8          4          0          0          0          0   entry2.o
         4          0          0          0          0          0   entry5.o
         0          0          0          0          0          0   entry7b.o
         0          0          0          0          0          0   entry8b.o
         8          4          0          0          0          0   entry9a.o
        30          0          0          0          0          0   handlers.o
        36          8          0          0          0         68   init.o
        64          0          0          0          0         76   memmovea.o
        36          0          0          0          0        108   memseta.o

    ----------------------------------------------------------------------
     20338       1114      23080        372        500      34552   Library Totals
        52          0          0          2          0          0   (incl. Padding)

    ----------------------------------------------------------------------

      Code (inc. data)   RO Data    RW Data    ZI Data      Debug   Library Name

     20014       1098      23080        370        500      34300   STemWin532_CM4_OS_Keil.lib
       272         16          0          0          0        252   mc_w.l

    ----------------------------------------------------------------------
     20338       1114      23080        372        500      34552   Library Totals

    ----------------------------------------------------------------------

==============================================================================


      Code (inc. data)   RO Data    RW Data    ZI Data      Debug   

     45112       2470      23684        544     188936    1190437   Grand Totals
     45112       2470      23684         68     188936    1190437   ELF Image Totals (compressed)
     45112       2470      23684         68          0          0   ROM Totals

==============================================================================

    Total RO  Size (Code + RO Data)                68796 (  67.18kB)
    Total RW  Size (RW Data + ZI Data)            189480 ( 185.04kB)
    Total ROM Size (Code + RO Data + RW Data)      68864 (  67.25kB)

==============================================================================

