<html>
<body>
<pre>
<h1>µVision Build Log</h1>
<h2>Tool Versions:</h2>
IDE-Version: µVision V5.23.0.0
Copyright (C) 2017 ARM Ltd and ARM Germany GmbH. All rights reserved.
License Information: 1 1, 1, LIC=GE701-CI20Y-WIA5K-ZW2FS-01QV7-8DPRC
 
Tool Versions:
Toolchain:       MDK-ARM Professional  Version: 5.23
Toolchain Path:  H:\Keil_v523\ARM\ARMCC\Bin
C Compiler:      Armcc.exe V5.06 update 4 (build 422)
Assembler:       Armasm.exe V5.06 update 4 (build 422)
Linker/Locator:  ArmLink.exe V5.06 update 4 (build 422)
Library Manager: ArmAr.exe V5.06 update 4 (build 422)
Hex Converter:   FromElf.exe V5.06 update 4 (build 422)
CPU DLL:         SARMCM3.DLL V5.23
Dialog DLL:      DCM.DLL V1.15.0.0
Target DLL:      STLink\ST-LINKIII-KEIL_SWO.dll V2.0.18.0
Dialog DLL:      TCM.DLL V1.27.0.0
 
<h2>Project:</h2>
H:\!_429ZI_Lessons\Sourse\LTDC_EMWIN_001_Keil\MDK-ARM\LTDC_EMWIN_001_Keil.uvprojx
Project File Date:  07/28/2017

<h2>Output:</h2>
*** Using Compiler 'V5.06 update 4 (build 422)', folder: 'H:\Keil_v523\ARM\ARMCC\Bin'
Rebuild target 'LTDC_EMWIN_001_Keil'
compiling croutine.c...
compiling tasks.c...
compiling event_groups.c...
compiling timers.c...
compiling queue.c...
compiling heap_4.c...
compiling list.c...
compiling port.c...
compiling cmsis_os.c...
compiling sd_diskio.c...
compiling syscall.c...
compiling ff.c...
assembling startup_stm32f746xx.s...
compiling ff_gen_drv.c...
compiling main.c...
../Src/main.c(173): warning:  #177-D: variable "i"  was declared but never referenced
  	uint16_t i,j;
../Src/main.c(173): warning:  #177-D: variable "j"  was declared but never referenced
  	uint16_t i,j;
../Src/main.c(174): warning:  #177-D: variable "x"  was declared but never referenced
  	uint16_t x=0, y=0;
../Src/main.c(174): warning:  #177-D: variable "y"  was declared but never referenced
  	uint16_t x=0, y=0;
../Src/main.c(175): warning:  #177-D: variable "tscnt"  was declared but never referenced
  	static uint32_t tscnt[5]={0};
../Src/main.c(176): warning:  #177-D: variable "xstart"  was declared but never referenced
  	static uint16_t xstart[5]={0}, ystart[5]={0};
../Src/main.c(176): warning:  #177-D: variable "ystart"  was declared but never referenced
  	static uint16_t xstart[5]={0}, ystart[5]={0};
../Src/main.c(94): warning:  #177-D: variable "TS_State"  was declared but never referenced
  static TS_StateTypeDef TS_State;
../Src/main.c: 8 warnings, 0 errors
compiling diskio.c...
compiling fatfs.c...
compiling stm32f7xx_it.c...
compiling stm32f7xx_hal_msp.c...
compiling bsp_driver_sd.c...
compiling ft5336.c...
compiling stm32f7xx_hal_timebase_TIM.c...
compiling freertos.c...
compiling font16.c...
compiling ltdc.c...
compiling system_stm32f7xx.c...
compiling MT48LC4M32B2.c...
compiling stm32f7xx_ll_sdmmc.c...
compiling stm32f7xx_hal_cortex.c...
compiling stm32f7xx_hal_flash.c...
compiling stm32f7xx_hal_dma_ex.c...
compiling stm32f7xx_hal_tim.c...
compiling stm32f7xx_hal_sdram.c...
compiling stm32f7xx_hal_dma.c...
compiling stm32f7xx_hal_i2c_ex.c...
compiling stm32f7xx_hal_sd.c...
compiling stm32f7xx_hal_i2c.c...
compiling stm32f7xx_hal_pwr_ex.c...
compiling stm32f7xx_hal_rng.c...
compiling stm32f7xx_hal.c...
compiling stm32f7xx_hal_dsi.c...
compiling stm32f7xx_hal_tim_ex.c...
compiling stm32f7xx_hal_rcc_ex.c...
compiling stm32f7xx_ll_fmc.c...
compiling stm32f7xx_hal_gpio.c...
compiling stm32f7xx_hal_rcc.c...
compiling stm32f7xx_hal_pwr.c...
compiling stm32f7xx_hal_ltdc.c...
compiling stm32f7xx_hal_flash_ex.c...
compiling stm32f7xx_hal_dma2d.c...
compiling GUIConf.c...
compiling stm32f7xx_hal_ltdc_ex.c...
compiling LCDConf.c...
compiling GUI_X_OS.c...
linking...
Program Size: Code=45112 RO-data=23684 RW-data=544 ZI-data=188936  
"LTDC_EMWIN_001_Keil\LTDC_EMWIN_001_Keil.axf" - 0 Error(s), 8 Warning(s).

<h2>Software Packages used:</h2>

Package Vendor: ARM
                http://www.keil.com/pack/ARM.CMSIS.5.0.1.pack
                ARM::CMSIS:CORE:5.0.1
                CMSIS (Cortex Microcontroller Software Interface Standard)
   * Component: CORE Version: 5.0.1

<h2>Collection of Component include folders:</h2>
  .\RTE\_LTDC_EMWIN_001_Keil
  H:\Keil_v523\ARM\PACK\ARM\CMSIS\5.0.1\CMSIS\Include
  H:\Keil_v523\ARM\PACK\Keil\STM32F7xx_DFP\2.9.0\Drivers\CMSIS\Device\ST\STM32F7xx\Include

<h2>Collection of Component Files used:</h2>

   * Component: ARM::CMSIS:CORE:5.0.1
Build Time Elapsed:  00:01:25
</pre>
</body>
</html>
